====================================================================
  ProbLog Continuous-Space Safety Verification - 2026-09-30 09:53:13
====================================================================
  Log file    : /home/glugano/Desktop/research/BT/problog_test/01_test/BT_project/output/problem4M/problem4M_20260930_093831_nnf_0.log
  Backend     : nnf  (propagate_weights=False)
====================================================================
  ProbLog Continuous-Space Safety Verification (ablation sweep) - 2026-09-30 09:38:31
====================================================================
  Problem     : problem4M (/home/glugano/Desktop/research/BT/problog_test/01_test/BT_project/problems/problem4M)
  Theory file : /home/glugano/Desktop/research/BT/problog_test/01_test/BT_project/module/theory/basic_action_theory.pl
  Obstacles   : /home/glugano/Desktop/research/BT/problog_test/01_test/BT_project/problems/problem4M/obstacles_generated.pl (regenerated from /home/glugano/Desktop/research/BT/problog_test/01_test/BT_project/problems/problem4M/map.yaml, inflated by 0.820m robot clearance)
  Config      : /home/glugano/Desktop/research/BT/problog_test/01_test/BT_project/problems/problem4M/config_generated.pl (regenerated from /home/glugano/Desktop/research/BT/problog_test/01_test/BT_project/problems/problem4M/config.yaml)
  Plan (BT)   : /home/glugano/Desktop/research/BT/problog_test/01_test/BT_project/problems/problem4M/plan_generated.pl (translated + validated from /home/glugano/Desktop/research/BT/problog_test/01_test/BT_project/problems/problem4M/behavior_tree.xml)
  Goal formula: /home/glugano/Desktop/research/BT/problog_test/01_test/BT_project/problems/problem4M/goal_formula.pl (validated against /home/glugano/Desktop/research/BT/problog_test/01_test/BT_project/module/contracts/vocabulary.yaml)
  Queries     : /home/glugano/Desktop/research/BT/problog_test/01_test/BT_project/problems/problem4M/queries_generated.pl (auto-generated from this tree's own per-action Reason universe)
  Bootstrap   : /home/glugano/Desktop/research/BT/problog_test/01_test/BT_project/module/theory/problem_data.pl (points basic_action_theory.pl at /home/glugano/Desktop/research/BT/problog_test/01_test/BT_project/problems/problem4M)

  Started : 09:53:13  (phase timeout: 300s per stage)
  [STAGE] Parse (plan.pl formed) ...
  [STAGE] Parse (plan.pl formed): done in 0.000s
  [STAGE] Ground (plan unrolled, regressed to s0) ...
  [STAGE] Ground (plan unrolled, regressed to s0): done in 51.085s
    -> 19497 ground node(s)
  [STAGE] Compile (knowledge compilation, backend=nnf) ...
  [STAGE] Compile (knowledge compilation, backend=nnf): done in 2.100s
    -> 62496 compiled node(s)
  [STAGE] Evaluate (weighted model count against the initial database) ...
  [STAGE] Evaluate (weighted model count against the initial database): done in 2.510s
  Finished: 09:54:09  (55.696s)

--------------------------------------------------------------------
  Goal formula
--------------------------------------------------------------------
  /home/glugano/Desktop/research/BT/problog_test/01_test/BT_project/problems/problem4M/goal_formula.pl
    goal_formula(S) :-
        halted_with(sample_success(_,_,_,sample_tree_11,_), S),
        now(T, S), battery(B, T, S), B > 0,
        (
            (battery_under_in(S), visited(point(9.0,27.0), 1.0, S))
            ;
            (\+ battery_under_in(S), visited(point(15.0,-18.0), 1.0, S))
        ).

--------------------------------------------------------------------
  Action codes
--------------------------------------------------------------------
  a1   PlanWith(dastar(2.0), goal=point(9.0,27.0)) [MainTree]
  a2   MoveTo(CP1) [MainTree]
  a3   PlanWithWaypoints(straight, waypoints=[(0.5,27.0),(0.5,-9.0),(15.0,-9.0)]) [MainTree]
  a4   MoveTo(CP2) [MainTree]
  a5   TakeSample(sample_tree_11) [MainTree]
  a6   PlanWithWaypoints(straight, waypoints=[(29.5,-9.0),(29.5,-18.0),(15.0,-18.0)]) [MainTree]
  a7   MoveTo(CP3) [MainTree]

--------------------------------------------------------------------
  Condition codes
--------------------------------------------------------------------
  c1   BatteryBelow(threshold=50) [MainTree]
  c2   DistanceBelow(goal=9.0;27.0,threshold=1.0) [MainTree]
  c3   DistanceBelow(goal=9.0;27.0,threshold=1.0) [MainTree]
  c4   DistanceBelow(goal=15.0;-9.0,threshold=1.0) [MainTree]
  c5   DistanceBelow(goal=15.0;-9.0,threshold=1.0) [MainTree]
  c6   DistanceBelow(goal=15.0;-18.0,threshold=1.0) [MainTree]
  c7   DistanceBelow(goal=15.0;-18.0,threshold=1.0) [MainTree]

--------------------------------------------------------------------
  Query results
--------------------------------------------------------------------
  Query                            Probability
  ------------------------------   -----------
  verify_goal_formula               11.52%
  plan_outcome(true)                11.52%
  plan_outcome(false)               88.48%
  plan_outcome(world_too_large)      0.00%
  plan_outcome(reactive_escaped)     0.00%

--------------------------------------------------------------------
  Safety query breakdown (per action)
--------------------------------------------------------------------
  battery_depleted                           5.19%
    a2                                       0.00%
    a4                                       0.00%
    a7                                       5.19%
  completed                                125.93%
    a2                                       0.00%
    a4                                     100.00%
    a7                                      25.93%
  completed(dastar(2.0),point(9.0,27.0))     0.00%
    a1                                       0.00%
  completed(straight,[point(0.5,27.0), point(0.5,-9.0), point(15.0,-9.0)]) 100.00%
    a3                                     100.00%
  completed(straight,[point(29.5,-9.0), point(29.5,-18.0), point(15.0,-18.0)])  31.11%
    a6                                      31.11%
  crashed                                    0.00%
    a2                                       0.00%
    a4                                       0.00%
    a7                                       0.00%
  no_path(dastar(2.0),point(9.0,27.0))       0.00%
    a1                                       0.00%
  no_path(straight,[point(0.5,27.0), point(0.5,-9.0), point(15.0,-9.0)])   0.00%
    a3                                       0.00%
  no_path(straight,[point(29.5,-9.0), point(29.5,-18.0), point(15.0,-18.0)])   0.00%
    a6                                       0.00%
  sample_failure                            13.33%
    a5                                      13.33%
      sample_failure(15.0,-9.0,sample_tree_11)  13.33%
  sample_success                            31.11%
    a5                                      31.11%
      sample_success(15.0,-9.0,2,sample_tree_11)  15.56%
      sample_success(15.0,-9.0,8,sample_tree_11)  15.56%

--------------------------------------------------------------------
  Condition check breakdown
--------------------------------------------------------------------
  c1  BatteryBelow(threshold=50) [MainTree]
    true                                       0.00%
    false                                    100.00%
  c2  DistanceBelow(goal=9.0;27.0,threshold=1.0) [MainTree]
    true                                       0.00%
    false                                      0.00%
    (never reached)                          100.00%
  c3  DistanceBelow(goal=9.0;27.0,threshold=1.0) [MainTree]
    true                                       0.00%
    false                                      0.00%
    (never reached)                          100.00%
  c4  DistanceBelow(goal=15.0;-9.0,threshold=1.0) [MainTree]
    true                                       0.00%
    false                                    100.00%
  c5  DistanceBelow(goal=15.0;-9.0,threshold=1.0) [MainTree]
    true                                      44.44%
    false                                     55.56%
  c6  DistanceBelow(goal=15.0;-18.0,threshold=1.0) [MainTree]
    true                                       0.00%
    false                                     31.11%
    (never reached)                           68.89%
  c7  DistanceBelow(goal=15.0;-18.0,threshold=1.0) [MainTree]
    true                                      11.52%
    false                                     14.40%
    (never reached)                           74.07%

--------------------------------------------------------------------
  Full outcome enumeration (every Reason/Condition combination)
--------------------------------------------------------------------
   55.56%
    c5: false
    a4: completed
    a3: completed(straight,[point(0.5,27.0), point(0.5,-9.0), point(15.0,-9.0)])
    c4: false
    c1: false
   13.33%
    a5: sample_failure(15.0,-9.0,sample_tree_11)
    c5: true
    a4: completed
    a3: completed(straight,[point(0.5,27.0), point(0.5,-9.0), point(15.0,-9.0)])
    c4: false
    c1: false
    7.20%
    c7: false
    a7: completed
    a6: completed(straight,[point(29.5,-9.0), point(29.5,-18.0), point(15.0,-18.0)])
    c6: false
    a5: sample_success(15.0,-9.0,8,sample_tree_11)
    c5: true
    a4: completed
    a3: completed(straight,[point(0.5,27.0), point(0.5,-9.0), point(15.0,-9.0)])
    c4: false
    c1: false
    7.20%
    c7: false
    a7: completed
    a6: completed(straight,[point(29.5,-9.0), point(29.5,-18.0), point(15.0,-18.0)])
    c6: false
    a5: sample_success(15.0,-9.0,2,sample_tree_11)
    c5: true
    a4: completed
    a3: completed(straight,[point(0.5,27.0), point(0.5,-9.0), point(15.0,-9.0)])
    c4: false
    c1: false
    5.76%
    c7: true
    a7: completed
    a6: completed(straight,[point(29.5,-9.0), point(29.5,-18.0), point(15.0,-18.0)])
    c6: false
    a5: sample_success(15.0,-9.0,2,sample_tree_11)
    c5: true
    a4: completed
    a3: completed(straight,[point(0.5,27.0), point(0.5,-9.0), point(15.0,-9.0)])
    c4: false
    c1: false
    5.76%
    c7: true
    a7: completed
    a6: completed(straight,[point(29.5,-9.0), point(29.5,-18.0), point(15.0,-18.0)])
    c6: false
    a5: sample_success(15.0,-9.0,8,sample_tree_11)
    c5: true
    a4: completed
    a3: completed(straight,[point(0.5,27.0), point(0.5,-9.0), point(15.0,-9.0)])
    c4: false
    c1: false
    2.59%
    a7: battery_depleted
    a6: completed(straight,[point(29.5,-9.0), point(29.5,-18.0), point(15.0,-18.0)])
    c6: false
    a5: sample_success(15.0,-9.0,2,sample_tree_11)
    c5: true
    a4: completed
    a3: completed(straight,[point(0.5,27.0), point(0.5,-9.0), point(15.0,-9.0)])
    c4: false
    c1: false
    2.59%
    a7: battery_depleted
    a6: completed(straight,[point(29.5,-9.0), point(29.5,-18.0), point(15.0,-18.0)])
    c6: false
    a5: sample_success(15.0,-9.0,8,sample_tree_11)
    c5: true
    a4: completed
    a3: completed(straight,[point(0.5,27.0), point(0.5,-9.0), point(15.0,-9.0)])
    c4: false
    c1: false
    0.00%
    c7: true
    a7: completed
    a6: completed(straight,[point(29.5,-9.0), point(29.5,-18.0), point(15.0,-18.0)])
    c6: false
    a5: sample_success(13.015277711723511,-10.984722288276489,2,sample_tree_11)
    c5: true
    a4: completed
    a3: completed(straight,[point(0.5,27.0), point(0.5,-9.0), point(15.0,-9.0)])
    c4: false
    c1: false
    0.00%
    c7: true
    a7: completed
    a6: completed(straight,[point(29.5,-9.0), point(29.5,-18.0), point(15.0,-18.0)])
    c6: false
    a5: sample_success(13.015277711723511,-10.984722288276489,8,sample_tree_11)
    c5: true
    a4: completed
    a3: completed(straight,[point(0.5,27.0), point(0.5,-9.0), point(15.0,-9.0)])
    c4: false
    c1: false
    0.00%
    c7: true
    a7: completed
    a6: completed(straight,[point(29.5,-9.0), point(29.5,-18.0), point(15.0,-18.0)])
    c6: false
    a5: sample_success(15.0,-10.984722288276489,2,sample_tree_11)
    c5: true
    a4: completed
    a3: completed(straight,[point(0.5,27.0), point(0.5,-9.0), point(15.0,-9.0)])
    c4: false
    c1: false
    0.00%
    c7: true
    a7: completed
    a6: completed(straight,[point(29.5,-9.0), point(29.5,-18.0), point(15.0,-18.0)])
    c6: false
    a5: sample_success(15.0,-10.984722288276489,8,sample_tree_11)
    c5: true
    a4: completed
    a3: completed(straight,[point(0.5,27.0), point(0.5,-9.0), point(15.0,-9.0)])
    c4: false
    c1: false
    0.00%
    c7: true
    a7: completed
    a6: completed(straight,[point(29.5,-9.0), point(29.5,-18.0), point(15.0,-18.0)])
    c6: false
    a5: sample_success(16.98472228827649,-10.984722288276489,2,sample_tree_11)
    c5: true
    a4: completed
    a3: completed(straight,[point(0.5,27.0), point(0.5,-9.0), point(15.0,-9.0)])
    c4: false
    c1: false
    0.00%
    c7: true
    a7: completed
    a6: completed(straight,[point(29.5,-9.0), point(29.5,-18.0), point(15.0,-18.0)])
    c6: false
    a5: sample_success(16.98472228827649,-10.984722288276489,8,sample_tree_11)
    c5: true
    a4: completed
    a3: completed(straight,[point(0.5,27.0), point(0.5,-9.0), point(15.0,-9.0)])
    c4: false
    c1: false
    0.00%
    c7: true
    a7: completed
    a6: completed(straight,[point(29.5,-9.0), point(29.5,-18.0), point(15.0,-18.0)])
    c6: false
    a5: sample_success(13.015277711723511,-9.0,2,sample_tree_11)
    c5: true
    a4: completed
    a3: completed(straight,[point(0.5,27.0), point(0.5,-9.0), point(15.0,-9.0)])
    c4: false
    c1: false
    0.00%
    c7: true
    a7: completed
    a6: completed(straight,[point(29.5,-9.0), point(29.5,-18.0), point(15.0,-18.0)])
    c6: false
    a5: sample_success(13.015277711723511,-9.0,8,sample_tree_11)
    c5: true
    a4: completed
    a3: completed(straight,[point(0.5,27.0), point(0.5,-9.0), point(15.0,-9.0)])
    c4: false
    c1: false
    0.00%
    c7: true
    a7: completed
    a6: completed(straight,[point(29.5,-9.0), point(29.5,-18.0), point(15.0,-18.0)])
    c6: false
    a5: sample_success(16.98472228827649,-9.0,2,sample_tree_11)
    c5: true
    a4: completed
    a3: completed(straight,[point(0.5,27.0), point(0.5,-9.0), point(15.0,-9.0)])
    c4: false
    c1: false
    0.00%
    c7: true
    a7: completed
    a6: completed(straight,[point(29.5,-9.0), point(29.5,-18.0), point(15.0,-18.0)])
    c6: false
    a5: sample_success(16.98472228827649,-9.0,8,sample_tree_11)
    c5: true
    a4: completed
    a3: completed(straight,[point(0.5,27.0), point(0.5,-9.0), point(15.0,-9.0)])
    c4: false
    c1: false
    0.00%
    c7: true
    a7: completed
    a6: completed(straight,[point(29.5,-9.0), point(29.5,-18.0), point(15.0,-18.0)])
    c6: false
    a5: sample_success(13.015277711723511,-7.015277711723511,2,sample_tree_11)
    c5: true
    a4: completed
    a3: completed(straight,[point(0.5,27.0), point(0.5,-9.0), point(15.0,-9.0)])
    c4: false
    c1: false
    0.00%
    c7: true
    a7: completed
    a6: completed(straight,[point(29.5,-9.0), point(29.5,-18.0), point(15.0,-18.0)])
    c6: false
    a5: sample_success(13.015277711723511,-7.015277711723511,8,sample_tree_11)
    c5: true
    a4: completed
    a3: completed(straight,[point(0.5,27.0), point(0.5,-9.0), point(15.0,-9.0)])
    c4: false
    c1: false
    0.00%
    c7: true
    a7: completed
    a6: completed(straight,[point(29.5,-9.0), point(29.5,-18.0), point(15.0,-18.0)])
    c6: false
    a5: sample_success(15.0,-7.015277711723511,2,sample_tree_11)
    c5: true
    a4: completed
    a3: completed(straight,[point(0.5,27.0), point(0.5,-9.0), point(15.0,-9.0)])
    c4: false
    c1: false
    0.00%
    c7: true
    a7: completed
    a6: completed(straight,[point(29.5,-9.0), point(29.5,-18.0), point(15.0,-18.0)])
    c6: false
    a5: sample_success(15.0,-7.015277711723511,8,sample_tree_11)
    c5: true
    a4: completed
    a3: completed(straight,[point(0.5,27.0), point(0.5,-9.0), point(15.0,-9.0)])
    c4: false
    c1: false
    0.00%
    c7: true
    a7: completed
    a6: completed(straight,[point(29.5,-9.0), point(29.5,-18.0), point(15.0,-18.0)])
    c6: false
    a5: sample_success(16.98472228827649,-7.015277711723511,2,sample_tree_11)
    c5: true
    a4: completed
    a3: completed(straight,[point(0.5,27.0), point(0.5,-9.0), point(15.0,-9.0)])
    c4: false
    c1: false
    0.00%
    c7: true
    a7: completed
    a6: completed(straight,[point(29.5,-9.0), point(29.5,-18.0), point(15.0,-18.0)])
    c6: false
    a5: sample_success(16.98472228827649,-7.015277711723511,8,sample_tree_11)
    c5: true
    a4: completed
    a3: completed(straight,[point(0.5,27.0), point(0.5,-9.0), point(15.0,-9.0)])
    c4: false
    c1: false
    0.00%
    a5: sample_failure(13.015277711723511,-10.984722288276489,sample_tree_11)
    c5: true
    a4: completed
    a3: completed(straight,[point(0.5,27.0), point(0.5,-9.0), point(15.0,-9.0)])
    c4: false
    c1: false
    0.00%
    a5: sample_failure(15.0,-10.984722288276489,sample_tree_11)
    c5: true
    a4: completed
    a3: completed(straight,[point(0.5,27.0), point(0.5,-9.0), point(15.0,-9.0)])
    c4: false
    c1: false
    0.00%
    a5: sample_failure(16.98472228827649,-10.984722288276489,sample_tree_11)
    c5: true
    a4: completed
    a3: completed(straight,[point(0.5,27.0), point(0.5,-9.0), point(15.0,-9.0)])
    c4: false
    c1: false
    0.00%
    a5: sample_failure(13.015277711723511,-9.0,sample_tree_11)
    c5: true
    a4: completed
    a3: completed(straight,[point(0.5,27.0), point(0.5,-9.0), point(15.0,-9.0)])
    c4: false
    c1: false
    0.00%
    a5: sample_failure(16.98472228827649,-9.0,sample_tree_11)
    c5: true
    a4: completed
    a3: completed(straight,[point(0.5,27.0), point(0.5,-9.0), point(15.0,-9.0)])
    c4: false
    c1: false
    0.00%
    a5: sample_failure(13.015277711723511,-7.015277711723511,sample_tree_11)
    c5: true
    a4: completed
    a3: completed(straight,[point(0.5,27.0), point(0.5,-9.0), point(15.0,-9.0)])
    c4: false
    c1: false
    0.00%
    a5: sample_failure(15.0,-7.015277711723511,sample_tree_11)
    c5: true
    a4: completed
    a3: completed(straight,[point(0.5,27.0), point(0.5,-9.0), point(15.0,-9.0)])
    c4: false
    c1: false
    0.00%
    a5: sample_failure(16.98472228827649,-7.015277711723511,sample_tree_11)
    c5: true
    a4: completed
    a3: completed(straight,[point(0.5,27.0), point(0.5,-9.0), point(15.0,-9.0)])
    c4: false
    c1: false
    0.00%
    a7: battery_depleted
    a6: completed(straight,[point(29.5,-9.0), point(29.5,-18.0), point(15.0,-18.0)])
    c6: false
    a5: sample_success(13.015277711723511,-10.984722288276489,2,sample_tree_11)
    c5: true
    a4: completed
    a3: completed(straight,[point(0.5,27.0), point(0.5,-9.0), point(15.0,-9.0)])
    c4: false
    c1: false
    0.00%
    c7: false
    a7: completed
    a6: completed(straight,[point(29.5,-9.0), point(29.5,-18.0), point(15.0,-18.0)])
    c6: false
    a5: sample_success(13.015277711723511,-10.984722288276489,2,sample_tree_11)
    c5: true
    a4: completed
    a3: completed(straight,[point(0.5,27.0), point(0.5,-9.0), point(15.0,-9.0)])
    c4: false
    c1: false
    0.00%
    a7: battery_depleted
    a6: completed(straight,[point(29.5,-9.0), point(29.5,-18.0), point(15.0,-18.0)])
    c6: false
    a5: sample_success(13.015277711723511,-10.984722288276489,8,sample_tree_11)
    c5: true
    a4: completed
    a3: completed(straight,[point(0.5,27.0), point(0.5,-9.0), point(15.0,-9.0)])
    c4: false
    c1: false
    0.00%
    c7: false
    a7: completed
    a6: completed(straight,[point(29.5,-9.0), point(29.5,-18.0), point(15.0,-18.0)])
    c6: false
    a5: sample_success(13.015277711723511,-10.984722288276489,8,sample_tree_11)
    c5: true
    a4: completed
    a3: completed(straight,[point(0.5,27.0), point(0.5,-9.0), point(15.0,-9.0)])
    c4: false
    c1: false
    0.00%
    a7: battery_depleted
    a6: completed(straight,[point(29.5,-9.0), point(29.5,-18.0), point(15.0,-18.0)])
    c6: false
    a5: sample_success(15.0,-10.984722288276489,2,sample_tree_11)
    c5: true
    a4: completed
    a3: completed(straight,[point(0.5,27.0), point(0.5,-9.0), point(15.0,-9.0)])
    c4: false
    c1: false
    0.00%
    c7: false
    a7: completed
    a6: completed(straight,[point(29.5,-9.0), point(29.5,-18.0), point(15.0,-18.0)])
    c6: false
    a5: sample_success(15.0,-10.984722288276489,2,sample_tree_11)
    c5: true
    a4: completed
    a3: completed(straight,[point(0.5,27.0), point(0.5,-9.0), point(15.0,-9.0)])
    c4: false
    c1: false
    0.00%
    a7: battery_depleted
    a6: completed(straight,[point(29.5,-9.0), point(29.5,-18.0), point(15.0,-18.0)])
    c6: false
    a5: sample_success(15.0,-10.984722288276489,8,sample_tree_11)
    c5: true
    a4: completed
    a3: completed(straight,[point(0.5,27.0), point(0.5,-9.0), point(15.0,-9.0)])
    c4: false
    c1: false
    0.00%
    c7: false
    a7: completed
    a6: completed(straight,[point(29.5,-9.0), point(29.5,-18.0), point(15.0,-18.0)])
    c6: false
    a5: sample_success(15.0,-10.984722288276489,8,sample_tree_11)
    c5: true
    a4: completed
    a3: completed(straight,[point(0.5,27.0), point(0.5,-9.0), point(15.0,-9.0)])
    c4: false
    c1: false
    0.00%
    a7: battery_depleted
    a6: completed(straight,[point(29.5,-9.0), point(29.5,-18.0), point(15.0,-18.0)])
    c6: false
    a5: sample_success(16.98472228827649,-10.984722288276489,2,sample_tree_11)
    c5: true
    a4: completed
    a3: completed(straight,[point(0.5,27.0), point(0.5,-9.0), point(15.0,-9.0)])
    c4: false
    c1: false
    0.00%
    c7: false
    a7: completed
    a6: completed(straight,[point(29.5,-9.0), point(29.5,-18.0), point(15.0,-18.0)])
    c6: false
    a5: sample_success(16.98472228827649,-10.984722288276489,2,sample_tree_11)
    c5: true
    a4: completed
    a3: completed(straight,[point(0.5,27.0), point(0.5,-9.0), point(15.0,-9.0)])
    c4: false
    c1: false
    0.00%
    a7: battery_depleted
    a6: completed(straight,[point(29.5,-9.0), point(29.5,-18.0), point(15.0,-18.0)])
    c6: false
    a5: sample_success(16.98472228827649,-10.984722288276489,8,sample_tree_11)
    c5: true
    a4: completed
    a3: completed(straight,[point(0.5,27.0), point(0.5,-9.0), point(15.0,-9.0)])
    c4: false
    c1: false
    0.00%
    c7: false
    a7: completed
    a6: completed(straight,[point(29.5,-9.0), point(29.5,-18.0), point(15.0,-18.0)])
    c6: false
    a5: sample_success(16.98472228827649,-10.984722288276489,8,sample_tree_11)
    c5: true
    a4: completed
    a3: completed(straight,[point(0.5,27.0), point(0.5,-9.0), point(15.0,-9.0)])
    c4: false
    c1: false
    0.00%
    a7: battery_depleted
    a6: completed(straight,[point(29.5,-9.0), point(29.5,-18.0), point(15.0,-18.0)])
    c6: false
    a5: sample_success(13.015277711723511,-9.0,2,sample_tree_11)
    c5: true
    a4: completed
    a3: completed(straight,[point(0.5,27.0), point(0.5,-9.0), point(15.0,-9.0)])
    c4: false
    c1: false
    0.00%
    c7: false
    a7: completed
    a6: completed(straight,[point(29.5,-9.0), point(29.5,-18.0), point(15.0,-18.0)])
    c6: false
    a5: sample_success(13.015277711723511,-9.0,2,sample_tree_11)
    c5: true
    a4: completed
    a3: completed(straight,[point(0.5,27.0), point(0.5,-9.0), point(15.0,-9.0)])
    c4: false
    c1: false
    0.00%
    a7: battery_depleted
    a6: completed(straight,[point(29.5,-9.0), point(29.5,-18.0), point(15.0,-18.0)])
    c6: false
    a5: sample_success(13.015277711723511,-9.0,8,sample_tree_11)
    c5: true
    a4: completed
    a3: completed(straight,[point(0.5,27.0), point(0.5,-9.0), point(15.0,-9.0)])
    c4: false
    c1: false
    0.00%
    c7: false
    a7: completed
    a6: completed(straight,[point(29.5,-9.0), point(29.5,-18.0), point(15.0,-18.0)])
    c6: false
    a5: sample_success(13.015277711723511,-9.0,8,sample_tree_11)
    c5: true
    a4: completed
    a3: completed(straight,[point(0.5,27.0), point(0.5,-9.0), point(15.0,-9.0)])
    c4: false
    c1: false
    0.00%
    a7: battery_depleted
    a6: completed(straight,[point(29.5,-9.0), point(29.5,-18.0), point(15.0,-18.0)])
    c6: false
    a5: sample_success(16.98472228827649,-9.0,2,sample_tree_11)
    c5: true
    a4: completed
    a3: completed(straight,[point(0.5,27.0), point(0.5,-9.0), point(15.0,-9.0)])
    c4: false
    c1: false
    0.00%
    c7: false
    a7: completed
    a6: completed(straight,[point(29.5,-9.0), point(29.5,-18.0), point(15.0,-18.0)])
    c6: false
    a5: sample_success(16.98472228827649,-9.0,2,sample_tree_11)
    c5: true
    a4: completed
    a3: completed(straight,[point(0.5,27.0), point(0.5,-9.0), point(15.0,-9.0)])
    c4: false
    c1: false
    0.00%
    a7: battery_depleted
    a6: completed(straight,[point(29.5,-9.0), point(29.5,-18.0), point(15.0,-18.0)])
    c6: false
    a5: sample_success(16.98472228827649,-9.0,8,sample_tree_11)
    c5: true
    a4: completed
    a3: completed(straight,[point(0.5,27.0), point(0.5,-9.0), point(15.0,-9.0)])
    c4: false
    c1: false
    0.00%
    c7: false
    a7: completed
    a6: completed(straight,[point(29.5,-9.0), point(29.5,-18.0), point(15.0,-18.0)])
    c6: false
    a5: sample_success(16.98472228827649,-9.0,8,sample_tree_11)
    c5: true
    a4: completed
    a3: completed(straight,[point(0.5,27.0), point(0.5,-9.0), point(15.0,-9.0)])
    c4: false
    c1: false
    0.00%
    a7: battery_depleted
    a6: completed(straight,[point(29.5,-9.0), point(29.5,-18.0), point(15.0,-18.0)])
    c6: false
    a5: sample_success(13.015277711723511,-7.015277711723511,2,sample_tree_11)
    c5: true
    a4: completed
    a3: completed(straight,[point(0.5,27.0), point(0.5,-9.0), point(15.0,-9.0)])
    c4: false
    c1: false
    0.00%
    c7: false
    a7: completed
    a6: completed(straight,[point(29.5,-9.0), point(29.5,-18.0), point(15.0,-18.0)])
    c6: false
    a5: sample_success(13.015277711723511,-7.015277711723511,2,sample_tree_11)
    c5: true
    a4: completed
    a3: completed(straight,[point(0.5,27.0), point(0.5,-9.0), point(15.0,-9.0)])
    c4: false
    c1: false
    0.00%
    a7: battery_depleted
    a6: completed(straight,[point(29.5,-9.0), point(29.5,-18.0), point(15.0,-18.0)])
    c6: false
    a5: sample_success(13.015277711723511,-7.015277711723511,8,sample_tree_11)
    c5: true
    a4: completed
    a3: completed(straight,[point(0.5,27.0), point(0.5,-9.0), point(15.0,-9.0)])
    c4: false
    c1: false
    0.00%
    c7: false
    a7: completed
    a6: completed(straight,[point(29.5,-9.0), point(29.5,-18.0), point(15.0,-18.0)])
    c6: false
    a5: sample_success(13.015277711723511,-7.015277711723511,8,sample_tree_11)
    c5: true
    a4: completed
    a3: completed(straight,[point(0.5,27.0), point(0.5,-9.0), point(15.0,-9.0)])
    c4: false
    c1: false
    0.00%
    a7: battery_depleted
    a6: completed(straight,[point(29.5,-9.0), point(29.5,-18.0), point(15.0,-18.0)])
    c6: false
    a5: sample_success(15.0,-7.015277711723511,2,sample_tree_11)
    c5: true
    a4: completed
    a3: completed(straight,[point(0.5,27.0), point(0.5,-9.0), point(15.0,-9.0)])
    c4: false
    c1: false
    0.00%
    c7: false
    a7: completed
    a6: completed(straight,[point(29.5,-9.0), point(29.5,-18.0), point(15.0,-18.0)])
    c6: false
    a5: sample_success(15.0,-7.015277711723511,2,sample_tree_11)
    c5: true
    a4: completed
    a3: completed(straight,[point(0.5,27.0), point(0.5,-9.0), point(15.0,-9.0)])
    c4: false
    c1: false
    0.00%
    a7: battery_depleted
    a6: completed(straight,[point(29.5,-9.0), point(29.5,-18.0), point(15.0,-18.0)])
    c6: false
    a5: sample_success(15.0,-7.015277711723511,8,sample_tree_11)
    c5: true
    a4: completed
    a3: completed(straight,[point(0.5,27.0), point(0.5,-9.0), point(15.0,-9.0)])
    c4: false
    c1: false
    0.00%
    c7: false
    a7: completed
    a6: completed(straight,[point(29.5,-9.0), point(29.5,-18.0), point(15.0,-18.0)])
    c6: false
    a5: sample_success(15.0,-7.015277711723511,8,sample_tree_11)
    c5: true
    a4: completed
    a3: completed(straight,[point(0.5,27.0), point(0.5,-9.0), point(15.0,-9.0)])
    c4: false
    c1: false
    0.00%
    a7: battery_depleted
    a6: completed(straight,[point(29.5,-9.0), point(29.5,-18.0), point(15.0,-18.0)])
    c6: false
    a5: sample_success(16.98472228827649,-7.015277711723511,2,sample_tree_11)
    c5: true
    a4: completed
    a3: completed(straight,[point(0.5,27.0), point(0.5,-9.0), point(15.0,-9.0)])
    c4: false
    c1: false
    0.00%
    c7: false
    a7: completed
    a6: completed(straight,[point(29.5,-9.0), point(29.5,-18.0), point(15.0,-18.0)])
    c6: false
    a5: sample_success(16.98472228827649,-7.015277711723511,2,sample_tree_11)
    c5: true
    a4: completed
    a3: completed(straight,[point(0.5,27.0), point(0.5,-9.0), point(15.0,-9.0)])
    c4: false
    c1: false
    0.00%
    a7: battery_depleted
    a6: completed(straight,[point(29.5,-9.0), point(29.5,-18.0), point(15.0,-18.0)])
    c6: false
    a5: sample_success(16.98472228827649,-7.015277711723511,8,sample_tree_11)
    c5: true
    a4: completed
    a3: completed(straight,[point(0.5,27.0), point(0.5,-9.0), point(15.0,-9.0)])
    c4: false
    c1: false
    0.00%
    c7: false
    a7: completed
    a6: completed(straight,[point(29.5,-9.0), point(29.5,-18.0), point(15.0,-18.0)])
    c6: false
    a5: sample_success(16.98472228827649,-7.015277711723511,8,sample_tree_11)
    c5: true
    a4: completed
    a3: completed(straight,[point(0.5,27.0), point(0.5,-9.0), point(15.0,-9.0)])
    c4: false
    c1: false

====================================================================
  Log : /home/glugano/Desktop/research/BT/problog_test/01_test/BT_project/output/problem4M/problem4M_20260930_093831_nnf_0.log
====================================================================
