====================================================================
  ProbLog Continuous-Space Safety Verification - 2026-09-28 19:14:12
====================================================================
  Log file    : /home/glugano/Desktop/research/BT/problog_test/01_test/BT_project/output/problem1S/problem1S_20260928_175005_fbdd_1.log
  Backend     : fbdd  (propagate_weights=True)
====================================================================
  ProbLog Continuous-Space Safety Verification (ablation sweep) - 2026-09-28 17:50:05
====================================================================
  Problem     : problem1S (/home/glugano/Desktop/research/BT/problog_test/01_test/BT_project/problems/problem1S)
  Theory file : /home/glugano/Desktop/research/BT/problog_test/01_test/BT_project/module/theory/basic_action_theory.pl
  Obstacles   : /home/glugano/Desktop/research/BT/problog_test/01_test/BT_project/problems/problem1S/obstacles_generated.pl (regenerated from /home/glugano/Desktop/research/BT/problog_test/01_test/BT_project/problems/problem1S/map.yaml, inflated by 0.820m robot clearance)
  Config      : /home/glugano/Desktop/research/BT/problog_test/01_test/BT_project/problems/problem1S/config_generated.pl (regenerated from /home/glugano/Desktop/research/BT/problog_test/01_test/BT_project/problems/problem1S/config.yaml)
  Plan (BT)   : /home/glugano/Desktop/research/BT/problog_test/01_test/BT_project/problems/problem1S/plan_generated.pl (translated + validated from /home/glugano/Desktop/research/BT/problog_test/01_test/BT_project/problems/problem1S/behavior_tree.xml)
  Goal formula: /home/glugano/Desktop/research/BT/problog_test/01_test/BT_project/problems/problem1S/goal_formula.pl (validated against /home/glugano/Desktop/research/BT/problog_test/01_test/BT_project/module/contracts/vocabulary.yaml)
  Queries     : /home/glugano/Desktop/research/BT/problog_test/01_test/BT_project/problems/problem1S/queries_generated.pl (auto-generated from this tree's own per-action Reason universe)
  Bootstrap   : /home/glugano/Desktop/research/BT/problog_test/01_test/BT_project/module/theory/problem_data.pl (points basic_action_theory.pl at /home/glugano/Desktop/research/BT/problog_test/01_test/BT_project/problems/problem1S)

  Started : 19:14:12  (phase timeout: 300s per stage)
  [STAGE] Parse (plan.pl formed) ...
  [STAGE] Parse (plan.pl formed): done in 0.000s
  [STAGE] Ground (plan unrolled, regressed to s0) ...
  [STAGE] Ground (plan unrolled, regressed to s0): done in 220.762s
    -> 41181 ground node(s)
  [STAGE] Compile (knowledge compilation, backend=fbdd) ...
  [STAGE] Compile (knowledge compilation, backend=fbdd): done in 0.359s
    -> 41181 compiled node(s)
  [STAGE] Evaluate (weighted model count against the initial database) ...
  [STAGE] Evaluate (weighted model count against the initial database): FAILED after 0.008s -- '_ForwardBDD' object has no attribute 'init_varcount'

  [ERROR] Unexpected error running the model: '_ForwardBDD' object has no attribute 'init_varcount'
