====================================================================
  ProbLog Continuous-Space Safety Verification - 2026-09-29 16:11:27
====================================================================
  Log file    : /home/glugano/Desktop/research/BT/problog_test/01_test/BT_project/output/problem3M/problem3M_20260929_155218_bdd_1.log
  Backend     : bdd  (propagate_weights=True)
====================================================================
  ProbLog Continuous-Space Safety Verification (ablation sweep) - 2026-09-29 15:52:18
====================================================================
  Problem     : problem3M (/home/glugano/Desktop/research/BT/problog_test/01_test/BT_project/problems/problem3M)
  Theory file : /home/glugano/Desktop/research/BT/problog_test/01_test/BT_project/module/theory/basic_action_theory.pl
  Obstacles   : /home/glugano/Desktop/research/BT/problog_test/01_test/BT_project/problems/problem3M/obstacles_generated.pl (regenerated from /home/glugano/Desktop/research/BT/problog_test/01_test/BT_project/problems/problem3M/map.yaml, inflated by 0.820m robot clearance)
  Config      : /home/glugano/Desktop/research/BT/problog_test/01_test/BT_project/problems/problem3M/config_generated.pl (regenerated from /home/glugano/Desktop/research/BT/problog_test/01_test/BT_project/problems/problem3M/config.yaml)
  Plan (BT)   : /home/glugano/Desktop/research/BT/problog_test/01_test/BT_project/problems/problem3M/plan_generated.pl (translated + validated from /home/glugano/Desktop/research/BT/problog_test/01_test/BT_project/problems/problem3M/behavior_tree.xml)
  Goal formula: /home/glugano/Desktop/research/BT/problog_test/01_test/BT_project/problems/problem3M/goal_formula.pl (validated against /home/glugano/Desktop/research/BT/problog_test/01_test/BT_project/module/contracts/vocabulary.yaml)
  Queries     : /home/glugano/Desktop/research/BT/problog_test/01_test/BT_project/problems/problem3M/queries_generated.pl (auto-generated from this tree's own per-action Reason universe)
  Bootstrap   : /home/glugano/Desktop/research/BT/problog_test/01_test/BT_project/module/theory/problem_data.pl (points basic_action_theory.pl at /home/glugano/Desktop/research/BT/problog_test/01_test/BT_project/problems/problem3M)

  Started : 16:11:27  (phase timeout: 300s per stage)
  [STAGE] Parse (plan.pl formed) ...
  [STAGE] Parse (plan.pl formed): done in 0.000s
  [STAGE] Ground (plan unrolled, regressed to s0) ...
  [STAGE] Ground (plan unrolled, regressed to s0): done in 35.589s
    -> 19002 ground node(s)
  [STAGE] Compile (knowledge compilation, backend=bdd) ...
  [STAGE] Compile (knowledge compilation, backend=bdd): TIMED OUT after 300.0s (phase timeout = 300s)

  [ERROR] Aborting this combination -- a pipeline stage exceeded its own timeout (300s per stage; see [STAGE] line above for which).
