====================================================================
  ProbLog Continuous-Space Safety Verification - 2026-09-29 16:17:44
====================================================================
  Log file    : /home/glugano/Desktop/research/BT/problog_test/01_test/BT_project/output/problem3M/problem3M_20260929_155218_nnf_1.log
  Backend     : nnf  (propagate_weights=True)
====================================================================
  ProbLog Continuous-Space Safety Verification (ablation sweep) - 2026-09-29 15:52:18
====================================================================
  Problem     : problem3M (/home/glugano/Desktop/research/BT/problog_test/01_test/BT_project/problems/problem3M)
  Theory file : /home/glugano/Desktop/research/BT/problog_test/01_test/BT_project/module/theory/basic_action_theory.pl
  Obstacles   : /home/glugano/Desktop/research/BT/problog_test/01_test/BT_project/problems/problem3M/obstacles_generated.pl (regenerated from /home/glugano/Desktop/research/BT/problog_test/01_test/BT_project/problems/problem3M/map.yaml, inflated by 0.820m robot clearance)
  Config      : /home/glugano/Desktop/research/BT/problog_test/01_test/BT_project/problems/problem3M/config_generated.pl (regenerated from /home/glugano/Desktop/research/BT/problog_test/01_test/BT_project/problems/problem3M/config.yaml)
  Plan (BT)   : /home/glugano/Desktop/research/BT/problog_test/01_test/BT_project/problems/problem3M/plan_generated.pl (translated + validated from /home/glugano/Desktop/research/BT/problog_test/01_test/BT_project/problems/problem3M/behavior_tree.xml)
  Goal formula: /home/glugano/Desktop/research/BT/problog_test/01_test/BT_project/problems/problem3M/goal_formula.pl (validated against /home/glugano/Desktop/research/BT/problog_test/01_test/BT_project/module/contracts/vocabulary.yaml)
  Queries     : /home/glugano/Desktop/research/BT/problog_test/01_test/BT_project/problems/problem3M/queries_generated.pl (auto-generated from this tree's own per-action Reason universe)
  Bootstrap   : /home/glugano/Desktop/research/BT/problog_test/01_test/BT_project/module/theory/problem_data.pl (points basic_action_theory.pl at /home/glugano/Desktop/research/BT/problog_test/01_test/BT_project/problems/problem3M)

  Started : 16:17:44  (phase timeout: 300s per stage)
  [STAGE] Parse (plan.pl formed) ...
  [STAGE] Parse (plan.pl formed): done in 0.000s
  [STAGE] Ground (plan unrolled, regressed to s0) ...
  [STAGE] Ground (plan unrolled, regressed to s0): done in 36.449s
    -> 19002 ground node(s)
  [STAGE] Compile (knowledge compilation, backend=nnf) ...
  [STAGE] Compile (knowledge compilation, backend=nnf): done in 1.904s
    -> 62002 compiled node(s)
  [STAGE] Evaluate (weighted model count against the initial database) ...
  [STAGE] Evaluate (weighted model count against the initial database): done in 2.468s
  Finished: 16:18:25  (40.822s)

--------------------------------------------------------------------
  Goal formula
--------------------------------------------------------------------
  /home/glugano/Desktop/research/BT/problog_test/01_test/BT_project/problems/problem3M/goal_formula.pl
    goal_formula(S) :-
        halted_with(sample_success(_,_,_,sample_tree_11,_), S),
        visited(point(15.0,-18.0), 1.0, S).

--------------------------------------------------------------------
  Action codes
--------------------------------------------------------------------
  a1   PlanWithWaypoints(straight, waypoints=[(0.5,27.0),(0.5,-9.0),(15.0,-9.0)]) [MainTree]
  a2   MoveTo(CP1) [MainTree]
  a3   TakeSample(sample_tree_11) [MainTree]
  a4   PlanWithWaypoints(straight, waypoints=[(29.5,-9.0),(29.5,-18.0),(15.0,-18.0)]) [MainTree]
  a5   MoveTo(CP2) [MainTree]

--------------------------------------------------------------------
  Condition codes
--------------------------------------------------------------------
  c1   DistanceBelow(goal=15.0;-9.0,threshold=1.0) [MainTree]
  c2   DistanceBelow(goal=15.0;-9.0,threshold=1.0) [MainTree]
  c3   DistanceBelow(goal=15.0;-18.0,threshold=1.0) [MainTree]
  c4   DistanceBelow(goal=15.0;-18.0,threshold=1.0) [MainTree]

--------------------------------------------------------------------
  Query results
--------------------------------------------------------------------
  Query                            Probability
  ------------------------------   -----------
  verify_goal_formula               11.52%
  plan_outcome(true)                11.52%
  plan_outcome(false)               88.48%
  plan_outcome(world_too_large)      0.00%
  plan_outcome(reactive_escaped)     0.00%

--------------------------------------------------------------------
  Safety query breakdown (per action)
--------------------------------------------------------------------
  battery_depleted                           5.19%
    a2                                       0.00%
    a5                                       5.19%
  completed                                125.93%
    a2                                     100.00%
    a5                                      25.93%
  completed(straight,[point(0.5,27.0), point(0.5,-9.0), point(15.0,-9.0)]) 100.00%
    a1                                     100.00%
  completed(straight,[point(29.5,-9.0), point(29.5,-18.0), point(15.0,-18.0)])  31.11%
    a4                                      31.11%
  crashed                                    0.00%
    a2                                       0.00%
    a5                                       0.00%
  no_path(straight,[point(0.5,27.0), point(0.5,-9.0), point(15.0,-9.0)])   0.00%
    a1                                       0.00%
  no_path(straight,[point(29.5,-9.0), point(29.5,-18.0), point(15.0,-18.0)])   0.00%
    a4                                       0.00%
  sample_failure                            13.33%
    a3                                      13.33%
      sample_failure(15.0,-9.0,sample_tree_11)  13.33%
  sample_success                            31.11%
    a3                                      31.11%
      sample_success(15.0,-9.0,2,sample_tree_11)  15.56%
      sample_success(15.0,-9.0,8,sample_tree_11)  15.56%

--------------------------------------------------------------------
  Condition check breakdown
--------------------------------------------------------------------
  c1  DistanceBelow(goal=15.0;-9.0,threshold=1.0) [MainTree]
    true                                       0.00%
    false                                    100.00%
  c2  DistanceBelow(goal=15.0;-9.0,threshold=1.0) [MainTree]
    true                                      44.44%
    false                                     55.56%
  c3  DistanceBelow(goal=15.0;-18.0,threshold=1.0) [MainTree]
    true                                       0.00%
    false                                     31.11%
    (never reached)                           68.89%
  c4  DistanceBelow(goal=15.0;-18.0,threshold=1.0) [MainTree]
    true                                      11.52%
    false                                     14.40%
    (never reached)                           74.07%

--------------------------------------------------------------------
  Full outcome enumeration (every Reason/Condition combination)
--------------------------------------------------------------------
   55.56%
    c2: false
    a2: completed
    a1: completed(straight,[point(0.5,27.0), point(0.5,-9.0), point(15.0,-9.0)])
    c1: false
   13.33%
    a3: sample_failure(15.0,-9.0,sample_tree_11)
    c2: true
    a2: completed
    a1: completed(straight,[point(0.5,27.0), point(0.5,-9.0), point(15.0,-9.0)])
    c1: false
    7.20%
    c4: false
    a5: completed
    a4: completed(straight,[point(29.5,-9.0), point(29.5,-18.0), point(15.0,-18.0)])
    c3: false
    a3: sample_success(15.0,-9.0,8,sample_tree_11)
    c2: true
    a2: completed
    a1: completed(straight,[point(0.5,27.0), point(0.5,-9.0), point(15.0,-9.0)])
    c1: false
    7.20%
    c4: false
    a5: completed
    a4: completed(straight,[point(29.5,-9.0), point(29.5,-18.0), point(15.0,-18.0)])
    c3: false
    a3: sample_success(15.0,-9.0,2,sample_tree_11)
    c2: true
    a2: completed
    a1: completed(straight,[point(0.5,27.0), point(0.5,-9.0), point(15.0,-9.0)])
    c1: false
    5.76%
    c4: true
    a5: completed
    a4: completed(straight,[point(29.5,-9.0), point(29.5,-18.0), point(15.0,-18.0)])
    c3: false
    a3: sample_success(15.0,-9.0,2,sample_tree_11)
    c2: true
    a2: completed
    a1: completed(straight,[point(0.5,27.0), point(0.5,-9.0), point(15.0,-9.0)])
    c1: false
    5.76%
    c4: true
    a5: completed
    a4: completed(straight,[point(29.5,-9.0), point(29.5,-18.0), point(15.0,-18.0)])
    c3: false
    a3: sample_success(15.0,-9.0,8,sample_tree_11)
    c2: true
    a2: completed
    a1: completed(straight,[point(0.5,27.0), point(0.5,-9.0), point(15.0,-9.0)])
    c1: false
    2.59%
    a5: battery_depleted
    a4: completed(straight,[point(29.5,-9.0), point(29.5,-18.0), point(15.0,-18.0)])
    c3: false
    a3: sample_success(15.0,-9.0,2,sample_tree_11)
    c2: true
    a2: completed
    a1: completed(straight,[point(0.5,27.0), point(0.5,-9.0), point(15.0,-9.0)])
    c1: false
    2.59%
    a5: battery_depleted
    a4: completed(straight,[point(29.5,-9.0), point(29.5,-18.0), point(15.0,-18.0)])
    c3: false
    a3: sample_success(15.0,-9.0,8,sample_tree_11)
    c2: true
    a2: completed
    a1: completed(straight,[point(0.5,27.0), point(0.5,-9.0), point(15.0,-9.0)])
    c1: false
    0.00%
    c4: true
    a5: completed
    a4: completed(straight,[point(29.5,-9.0), point(29.5,-18.0), point(15.0,-18.0)])
    c3: false
    a3: sample_success(13.015277711723511,-10.984722288276489,2,sample_tree_11)
    c2: true
    a2: completed
    a1: completed(straight,[point(0.5,27.0), point(0.5,-9.0), point(15.0,-9.0)])
    c1: false
    0.00%
    a5: battery_depleted
    a4: completed(straight,[point(29.5,-9.0), point(29.5,-18.0), point(15.0,-18.0)])
    c3: false
    a3: sample_success(13.015277711723511,-10.984722288276489,2,sample_tree_11)
    c2: true
    a2: completed
    a1: completed(straight,[point(0.5,27.0), point(0.5,-9.0), point(15.0,-9.0)])
    c1: false
    0.00%
    c4: false
    a5: completed
    a4: completed(straight,[point(29.5,-9.0), point(29.5,-18.0), point(15.0,-18.0)])
    c3: false
    a3: sample_success(13.015277711723511,-10.984722288276489,2,sample_tree_11)
    c2: true
    a2: completed
    a1: completed(straight,[point(0.5,27.0), point(0.5,-9.0), point(15.0,-9.0)])
    c1: false
    0.00%
    c4: true
    a5: completed
    a4: completed(straight,[point(29.5,-9.0), point(29.5,-18.0), point(15.0,-18.0)])
    c3: false
    a3: sample_success(13.015277711723511,-10.984722288276489,8,sample_tree_11)
    c2: true
    a2: completed
    a1: completed(straight,[point(0.5,27.0), point(0.5,-9.0), point(15.0,-9.0)])
    c1: false
    0.00%
    a5: battery_depleted
    a4: completed(straight,[point(29.5,-9.0), point(29.5,-18.0), point(15.0,-18.0)])
    c3: false
    a3: sample_success(13.015277711723511,-10.984722288276489,8,sample_tree_11)
    c2: true
    a2: completed
    a1: completed(straight,[point(0.5,27.0), point(0.5,-9.0), point(15.0,-9.0)])
    c1: false
    0.00%
    c4: false
    a5: completed
    a4: completed(straight,[point(29.5,-9.0), point(29.5,-18.0), point(15.0,-18.0)])
    c3: false
    a3: sample_success(13.015277711723511,-10.984722288276489,8,sample_tree_11)
    c2: true
    a2: completed
    a1: completed(straight,[point(0.5,27.0), point(0.5,-9.0), point(15.0,-9.0)])
    c1: false
    0.00%
    c4: true
    a5: completed
    a4: completed(straight,[point(29.5,-9.0), point(29.5,-18.0), point(15.0,-18.0)])
    c3: false
    a3: sample_success(15.0,-10.984722288276489,2,sample_tree_11)
    c2: true
    a2: completed
    a1: completed(straight,[point(0.5,27.0), point(0.5,-9.0), point(15.0,-9.0)])
    c1: false
    0.00%
    a5: battery_depleted
    a4: completed(straight,[point(29.5,-9.0), point(29.5,-18.0), point(15.0,-18.0)])
    c3: false
    a3: sample_success(15.0,-10.984722288276489,2,sample_tree_11)
    c2: true
    a2: completed
    a1: completed(straight,[point(0.5,27.0), point(0.5,-9.0), point(15.0,-9.0)])
    c1: false
    0.00%
    c4: false
    a5: completed
    a4: completed(straight,[point(29.5,-9.0), point(29.5,-18.0), point(15.0,-18.0)])
    c3: false
    a3: sample_success(15.0,-10.984722288276489,2,sample_tree_11)
    c2: true
    a2: completed
    a1: completed(straight,[point(0.5,27.0), point(0.5,-9.0), point(15.0,-9.0)])
    c1: false
    0.00%
    c4: true
    a5: completed
    a4: completed(straight,[point(29.5,-9.0), point(29.5,-18.0), point(15.0,-18.0)])
    c3: false
    a3: sample_success(15.0,-10.984722288276489,8,sample_tree_11)
    c2: true
    a2: completed
    a1: completed(straight,[point(0.5,27.0), point(0.5,-9.0), point(15.0,-9.0)])
    c1: false
    0.00%
    a5: battery_depleted
    a4: completed(straight,[point(29.5,-9.0), point(29.5,-18.0), point(15.0,-18.0)])
    c3: false
    a3: sample_success(15.0,-10.984722288276489,8,sample_tree_11)
    c2: true
    a2: completed
    a1: completed(straight,[point(0.5,27.0), point(0.5,-9.0), point(15.0,-9.0)])
    c1: false
    0.00%
    c4: false
    a5: completed
    a4: completed(straight,[point(29.5,-9.0), point(29.5,-18.0), point(15.0,-18.0)])
    c3: false
    a3: sample_success(15.0,-10.984722288276489,8,sample_tree_11)
    c2: true
    a2: completed
    a1: completed(straight,[point(0.5,27.0), point(0.5,-9.0), point(15.0,-9.0)])
    c1: false
    0.00%
    c4: true
    a5: completed
    a4: completed(straight,[point(29.5,-9.0), point(29.5,-18.0), point(15.0,-18.0)])
    c3: false
    a3: sample_success(16.98472228827649,-10.984722288276489,2,sample_tree_11)
    c2: true
    a2: completed
    a1: completed(straight,[point(0.5,27.0), point(0.5,-9.0), point(15.0,-9.0)])
    c1: false
    0.00%
    a5: battery_depleted
    a4: completed(straight,[point(29.5,-9.0), point(29.5,-18.0), point(15.0,-18.0)])
    c3: false
    a3: sample_success(16.98472228827649,-10.984722288276489,2,sample_tree_11)
    c2: true
    a2: completed
    a1: completed(straight,[point(0.5,27.0), point(0.5,-9.0), point(15.0,-9.0)])
    c1: false
    0.00%
    c4: false
    a5: completed
    a4: completed(straight,[point(29.5,-9.0), point(29.5,-18.0), point(15.0,-18.0)])
    c3: false
    a3: sample_success(16.98472228827649,-10.984722288276489,2,sample_tree_11)
    c2: true
    a2: completed
    a1: completed(straight,[point(0.5,27.0), point(0.5,-9.0), point(15.0,-9.0)])
    c1: false
    0.00%
    c4: true
    a5: completed
    a4: completed(straight,[point(29.5,-9.0), point(29.5,-18.0), point(15.0,-18.0)])
    c3: false
    a3: sample_success(16.98472228827649,-10.984722288276489,8,sample_tree_11)
    c2: true
    a2: completed
    a1: completed(straight,[point(0.5,27.0), point(0.5,-9.0), point(15.0,-9.0)])
    c1: false
    0.00%
    a5: battery_depleted
    a4: completed(straight,[point(29.5,-9.0), point(29.5,-18.0), point(15.0,-18.0)])
    c3: false
    a3: sample_success(16.98472228827649,-10.984722288276489,8,sample_tree_11)
    c2: true
    a2: completed
    a1: completed(straight,[point(0.5,27.0), point(0.5,-9.0), point(15.0,-9.0)])
    c1: false
    0.00%
    c4: false
    a5: completed
    a4: completed(straight,[point(29.5,-9.0), point(29.5,-18.0), point(15.0,-18.0)])
    c3: false
    a3: sample_success(16.98472228827649,-10.984722288276489,8,sample_tree_11)
    c2: true
    a2: completed
    a1: completed(straight,[point(0.5,27.0), point(0.5,-9.0), point(15.0,-9.0)])
    c1: false
    0.00%
    c4: true
    a5: completed
    a4: completed(straight,[point(29.5,-9.0), point(29.5,-18.0), point(15.0,-18.0)])
    c3: false
    a3: sample_success(13.015277711723511,-9.0,2,sample_tree_11)
    c2: true
    a2: completed
    a1: completed(straight,[point(0.5,27.0), point(0.5,-9.0), point(15.0,-9.0)])
    c1: false
    0.00%
    a5: battery_depleted
    a4: completed(straight,[point(29.5,-9.0), point(29.5,-18.0), point(15.0,-18.0)])
    c3: false
    a3: sample_success(13.015277711723511,-9.0,2,sample_tree_11)
    c2: true
    a2: completed
    a1: completed(straight,[point(0.5,27.0), point(0.5,-9.0), point(15.0,-9.0)])
    c1: false
    0.00%
    c4: false
    a5: completed
    a4: completed(straight,[point(29.5,-9.0), point(29.5,-18.0), point(15.0,-18.0)])
    c3: false
    a3: sample_success(13.015277711723511,-9.0,2,sample_tree_11)
    c2: true
    a2: completed
    a1: completed(straight,[point(0.5,27.0), point(0.5,-9.0), point(15.0,-9.0)])
    c1: false
    0.00%
    c4: true
    a5: completed
    a4: completed(straight,[point(29.5,-9.0), point(29.5,-18.0), point(15.0,-18.0)])
    c3: false
    a3: sample_success(13.015277711723511,-9.0,8,sample_tree_11)
    c2: true
    a2: completed
    a1: completed(straight,[point(0.5,27.0), point(0.5,-9.0), point(15.0,-9.0)])
    c1: false
    0.00%
    a5: battery_depleted
    a4: completed(straight,[point(29.5,-9.0), point(29.5,-18.0), point(15.0,-18.0)])
    c3: false
    a3: sample_success(13.015277711723511,-9.0,8,sample_tree_11)
    c2: true
    a2: completed
    a1: completed(straight,[point(0.5,27.0), point(0.5,-9.0), point(15.0,-9.0)])
    c1: false
    0.00%
    c4: false
    a5: completed
    a4: completed(straight,[point(29.5,-9.0), point(29.5,-18.0), point(15.0,-18.0)])
    c3: false
    a3: sample_success(13.015277711723511,-9.0,8,sample_tree_11)
    c2: true
    a2: completed
    a1: completed(straight,[point(0.5,27.0), point(0.5,-9.0), point(15.0,-9.0)])
    c1: false
    0.00%
    c4: true
    a5: completed
    a4: completed(straight,[point(29.5,-9.0), point(29.5,-18.0), point(15.0,-18.0)])
    c3: false
    a3: sample_success(16.98472228827649,-9.0,2,sample_tree_11)
    c2: true
    a2: completed
    a1: completed(straight,[point(0.5,27.0), point(0.5,-9.0), point(15.0,-9.0)])
    c1: false
    0.00%
    a5: battery_depleted
    a4: completed(straight,[point(29.5,-9.0), point(29.5,-18.0), point(15.0,-18.0)])
    c3: false
    a3: sample_success(16.98472228827649,-9.0,2,sample_tree_11)
    c2: true
    a2: completed
    a1: completed(straight,[point(0.5,27.0), point(0.5,-9.0), point(15.0,-9.0)])
    c1: false
    0.00%
    c4: false
    a5: completed
    a4: completed(straight,[point(29.5,-9.0), point(29.5,-18.0), point(15.0,-18.0)])
    c3: false
    a3: sample_success(16.98472228827649,-9.0,2,sample_tree_11)
    c2: true
    a2: completed
    a1: completed(straight,[point(0.5,27.0), point(0.5,-9.0), point(15.0,-9.0)])
    c1: false
    0.00%
    c4: true
    a5: completed
    a4: completed(straight,[point(29.5,-9.0), point(29.5,-18.0), point(15.0,-18.0)])
    c3: false
    a3: sample_success(16.98472228827649,-9.0,8,sample_tree_11)
    c2: true
    a2: completed
    a1: completed(straight,[point(0.5,27.0), point(0.5,-9.0), point(15.0,-9.0)])
    c1: false
    0.00%
    a5: battery_depleted
    a4: completed(straight,[point(29.5,-9.0), point(29.5,-18.0), point(15.0,-18.0)])
    c3: false
    a3: sample_success(16.98472228827649,-9.0,8,sample_tree_11)
    c2: true
    a2: completed
    a1: completed(straight,[point(0.5,27.0), point(0.5,-9.0), point(15.0,-9.0)])
    c1: false
    0.00%
    c4: false
    a5: completed
    a4: completed(straight,[point(29.5,-9.0), point(29.5,-18.0), point(15.0,-18.0)])
    c3: false
    a3: sample_success(16.98472228827649,-9.0,8,sample_tree_11)
    c2: true
    a2: completed
    a1: completed(straight,[point(0.5,27.0), point(0.5,-9.0), point(15.0,-9.0)])
    c1: false
    0.00%
    c4: true
    a5: completed
    a4: completed(straight,[point(29.5,-9.0), point(29.5,-18.0), point(15.0,-18.0)])
    c3: false
    a3: sample_success(13.015277711723511,-7.015277711723511,2,sample_tree_11)
    c2: true
    a2: completed
    a1: completed(straight,[point(0.5,27.0), point(0.5,-9.0), point(15.0,-9.0)])
    c1: false
    0.00%
    a5: battery_depleted
    a4: completed(straight,[point(29.5,-9.0), point(29.5,-18.0), point(15.0,-18.0)])
    c3: false
    a3: sample_success(13.015277711723511,-7.015277711723511,2,sample_tree_11)
    c2: true
    a2: completed
    a1: completed(straight,[point(0.5,27.0), point(0.5,-9.0), point(15.0,-9.0)])
    c1: false
    0.00%
    c4: false
    a5: completed
    a4: completed(straight,[point(29.5,-9.0), point(29.5,-18.0), point(15.0,-18.0)])
    c3: false
    a3: sample_success(13.015277711723511,-7.015277711723511,2,sample_tree_11)
    c2: true
    a2: completed
    a1: completed(straight,[point(0.5,27.0), point(0.5,-9.0), point(15.0,-9.0)])
    c1: false
    0.00%
    c4: true
    a5: completed
    a4: completed(straight,[point(29.5,-9.0), point(29.5,-18.0), point(15.0,-18.0)])
    c3: false
    a3: sample_success(13.015277711723511,-7.015277711723511,8,sample_tree_11)
    c2: true
    a2: completed
    a1: completed(straight,[point(0.5,27.0), point(0.5,-9.0), point(15.0,-9.0)])
    c1: false
    0.00%
    a5: battery_depleted
    a4: completed(straight,[point(29.5,-9.0), point(29.5,-18.0), point(15.0,-18.0)])
    c3: false
    a3: sample_success(13.015277711723511,-7.015277711723511,8,sample_tree_11)
    c2: true
    a2: completed
    a1: completed(straight,[point(0.5,27.0), point(0.5,-9.0), point(15.0,-9.0)])
    c1: false
    0.00%
    c4: false
    a5: completed
    a4: completed(straight,[point(29.5,-9.0), point(29.5,-18.0), point(15.0,-18.0)])
    c3: false
    a3: sample_success(13.015277711723511,-7.015277711723511,8,sample_tree_11)
    c2: true
    a2: completed
    a1: completed(straight,[point(0.5,27.0), point(0.5,-9.0), point(15.0,-9.0)])
    c1: false
    0.00%
    c4: true
    a5: completed
    a4: completed(straight,[point(29.5,-9.0), point(29.5,-18.0), point(15.0,-18.0)])
    c3: false
    a3: sample_success(15.0,-7.015277711723511,2,sample_tree_11)
    c2: true
    a2: completed
    a1: completed(straight,[point(0.5,27.0), point(0.5,-9.0), point(15.0,-9.0)])
    c1: false
    0.00%
    a5: battery_depleted
    a4: completed(straight,[point(29.5,-9.0), point(29.5,-18.0), point(15.0,-18.0)])
    c3: false
    a3: sample_success(15.0,-7.015277711723511,2,sample_tree_11)
    c2: true
    a2: completed
    a1: completed(straight,[point(0.5,27.0), point(0.5,-9.0), point(15.0,-9.0)])
    c1: false
    0.00%
    c4: false
    a5: completed
    a4: completed(straight,[point(29.5,-9.0), point(29.5,-18.0), point(15.0,-18.0)])
    c3: false
    a3: sample_success(15.0,-7.015277711723511,2,sample_tree_11)
    c2: true
    a2: completed
    a1: completed(straight,[point(0.5,27.0), point(0.5,-9.0), point(15.0,-9.0)])
    c1: false
    0.00%
    c4: true
    a5: completed
    a4: completed(straight,[point(29.5,-9.0), point(29.5,-18.0), point(15.0,-18.0)])
    c3: false
    a3: sample_success(15.0,-7.015277711723511,8,sample_tree_11)
    c2: true
    a2: completed
    a1: completed(straight,[point(0.5,27.0), point(0.5,-9.0), point(15.0,-9.0)])
    c1: false
    0.00%
    a5: battery_depleted
    a4: completed(straight,[point(29.5,-9.0), point(29.5,-18.0), point(15.0,-18.0)])
    c3: false
    a3: sample_success(15.0,-7.015277711723511,8,sample_tree_11)
    c2: true
    a2: completed
    a1: completed(straight,[point(0.5,27.0), point(0.5,-9.0), point(15.0,-9.0)])
    c1: false
    0.00%
    c4: false
    a5: completed
    a4: completed(straight,[point(29.5,-9.0), point(29.5,-18.0), point(15.0,-18.0)])
    c3: false
    a3: sample_success(15.0,-7.015277711723511,8,sample_tree_11)
    c2: true
    a2: completed
    a1: completed(straight,[point(0.5,27.0), point(0.5,-9.0), point(15.0,-9.0)])
    c1: false
    0.00%
    c4: true
    a5: completed
    a4: completed(straight,[point(29.5,-9.0), point(29.5,-18.0), point(15.0,-18.0)])
    c3: false
    a3: sample_success(16.98472228827649,-7.015277711723511,2,sample_tree_11)
    c2: true
    a2: completed
    a1: completed(straight,[point(0.5,27.0), point(0.5,-9.0), point(15.0,-9.0)])
    c1: false
    0.00%
    a5: battery_depleted
    a4: completed(straight,[point(29.5,-9.0), point(29.5,-18.0), point(15.0,-18.0)])
    c3: false
    a3: sample_success(16.98472228827649,-7.015277711723511,2,sample_tree_11)
    c2: true
    a2: completed
    a1: completed(straight,[point(0.5,27.0), point(0.5,-9.0), point(15.0,-9.0)])
    c1: false
    0.00%
    c4: false
    a5: completed
    a4: completed(straight,[point(29.5,-9.0), point(29.5,-18.0), point(15.0,-18.0)])
    c3: false
    a3: sample_success(16.98472228827649,-7.015277711723511,2,sample_tree_11)
    c2: true
    a2: completed
    a1: completed(straight,[point(0.5,27.0), point(0.5,-9.0), point(15.0,-9.0)])
    c1: false
    0.00%
    c4: true
    a5: completed
    a4: completed(straight,[point(29.5,-9.0), point(29.5,-18.0), point(15.0,-18.0)])
    c3: false
    a3: sample_success(16.98472228827649,-7.015277711723511,8,sample_tree_11)
    c2: true
    a2: completed
    a1: completed(straight,[point(0.5,27.0), point(0.5,-9.0), point(15.0,-9.0)])
    c1: false
    0.00%
    a5: battery_depleted
    a4: completed(straight,[point(29.5,-9.0), point(29.5,-18.0), point(15.0,-18.0)])
    c3: false
    a3: sample_success(16.98472228827649,-7.015277711723511,8,sample_tree_11)
    c2: true
    a2: completed
    a1: completed(straight,[point(0.5,27.0), point(0.5,-9.0), point(15.0,-9.0)])
    c1: false
    0.00%
    c4: false
    a5: completed
    a4: completed(straight,[point(29.5,-9.0), point(29.5,-18.0), point(15.0,-18.0)])
    c3: false
    a3: sample_success(16.98472228827649,-7.015277711723511,8,sample_tree_11)
    c2: true
    a2: completed
    a1: completed(straight,[point(0.5,27.0), point(0.5,-9.0), point(15.0,-9.0)])
    c1: false
    0.00%
    a3: sample_failure(13.015277711723511,-10.984722288276489,sample_tree_11)
    c2: true
    a2: completed
    a1: completed(straight,[point(0.5,27.0), point(0.5,-9.0), point(15.0,-9.0)])
    c1: false
    0.00%
    a3: sample_failure(15.0,-10.984722288276489,sample_tree_11)
    c2: true
    a2: completed
    a1: completed(straight,[point(0.5,27.0), point(0.5,-9.0), point(15.0,-9.0)])
    c1: false
    0.00%
    a3: sample_failure(16.98472228827649,-10.984722288276489,sample_tree_11)
    c2: true
    a2: completed
    a1: completed(straight,[point(0.5,27.0), point(0.5,-9.0), point(15.0,-9.0)])
    c1: false
    0.00%
    a3: sample_failure(13.015277711723511,-9.0,sample_tree_11)
    c2: true
    a2: completed
    a1: completed(straight,[point(0.5,27.0), point(0.5,-9.0), point(15.0,-9.0)])
    c1: false
    0.00%
    a3: sample_failure(16.98472228827649,-9.0,sample_tree_11)
    c2: true
    a2: completed
    a1: completed(straight,[point(0.5,27.0), point(0.5,-9.0), point(15.0,-9.0)])
    c1: false
    0.00%
    a3: sample_failure(13.015277711723511,-7.015277711723511,sample_tree_11)
    c2: true
    a2: completed
    a1: completed(straight,[point(0.5,27.0), point(0.5,-9.0), point(15.0,-9.0)])
    c1: false
    0.00%
    a3: sample_failure(15.0,-7.015277711723511,sample_tree_11)
    c2: true
    a2: completed
    a1: completed(straight,[point(0.5,27.0), point(0.5,-9.0), point(15.0,-9.0)])
    c1: false
    0.00%
    a3: sample_failure(16.98472228827649,-7.015277711723511,sample_tree_11)
    c2: true
    a2: completed
    a1: completed(straight,[point(0.5,27.0), point(0.5,-9.0), point(15.0,-9.0)])
    c1: false

====================================================================
  Log : /home/glugano/Desktop/research/BT/problog_test/01_test/BT_project/output/problem3M/problem3M_20260929_155218_nnf_1.log
====================================================================
