====================================================================
  ProbLog Continuous-Space Safety Verification - 2026-10-02 11:32:01
====================================================================
  Problem     : problem3L (/home/glugano/Desktop/research/BT/problog_test/01_test/BT_project/problems/problem3L)
  Theory file : /home/glugano/Desktop/research/BT/problog_test/01_test/BT_project/module/theory/basic_action_theory.pl
  Obstacles   : /home/glugano/Desktop/research/BT/problog_test/01_test/BT_project/problems/problem3L/obstacles_generated.pl (regenerated from /home/glugano/Desktop/research/BT/problog_test/01_test/BT_project/problems/problem3L/map.yaml, inflated by 0.820m robot clearance)
  Config      : /home/glugano/Desktop/research/BT/problog_test/01_test/BT_project/problems/problem3L/config_generated.pl (regenerated from /home/glugano/Desktop/research/BT/problog_test/01_test/BT_project/problems/problem3L/config.yaml)
  Plan (BT)   : /home/glugano/Desktop/research/BT/problog_test/01_test/BT_project/problems/problem3L/plan_generated.pl (translated + validated from /home/glugano/Desktop/research/BT/problog_test/01_test/BT_project/problems/problem3L/behavior_tree.xml)
  Goal formula: /home/glugano/Desktop/research/BT/problog_test/01_test/BT_project/problems/problem3L/goal_formula.pl (validated against /home/glugano/Desktop/research/BT/problog_test/01_test/BT_project/module/contracts/vocabulary.yaml)
  Queries     : /home/glugano/Desktop/research/BT/problog_test/01_test/BT_project/problems/problem3L/queries_generated.pl (auto-generated from this tree's own per-action Reason universe)
  Bootstrap   : /home/glugano/Desktop/research/BT/problog_test/01_test/BT_project/module/theory/problem_data.pl (points basic_action_theory.pl at /home/glugano/Desktop/research/BT/problog_test/01_test/BT_project/problems/problem3L)

  Started : 11:32:02  (grounding only -- --visual doesn't compile/evaluate)
  [STAGE] Parse (plan.pl formed) ...
  [STAGE] Parse (plan.pl formed): done in 0.000s
  [STAGE] Ground (plan unrolled, regressed to s0) ...
  [STAGE] Ground (plan unrolled, regressed to s0): done in 33.109s
    -> 18137 ground node(s)
  Raw export  : /home/glugano/Desktop/research/BT/problog_test/01_test/BT_project/output/problem3L/problem3L_20261002_113201_graphs/ (ground.dot, ground_nodes.json)
  Interactive : /home/glugano/Desktop/research/BT/problog_test/01_test/BT_project/output/problem3L/problem3L_20261002_113201_ground_graph.html
  Levels file : /home/glugano/Desktop/research/BT/problog_test/01_test/BT_project/output/problem3L/problem3L_20261002_113201_ground_graph_levels.txt
  Finished: 11:32:37

====================================================================
  Log : /home/glugano/Desktop/research/BT/problog_test/01_test/BT_project/output/problem3L/problem3L_20261002_113201_visual.log
====================================================================
