====================================================================
  ProbLog Continuous-Space Safety Verification - 2026-09-29 16:33:53
====================================================================
  Log file    : /home/glugano/Desktop/research/BT/problog_test/01_test/BT_project/output/problem3S/problem3S_20260929_162549_sdd_1.log
  Backend     : sdd  (propagate_weights=True)
====================================================================
  ProbLog Continuous-Space Safety Verification (ablation sweep) - 2026-09-29 16:25:49
====================================================================
  Problem     : problem3S (/home/glugano/Desktop/research/BT/problog_test/01_test/BT_project/problems/problem3S)
  Theory file : /home/glugano/Desktop/research/BT/problog_test/01_test/BT_project/module/theory/basic_action_theory.pl
  Obstacles   : /home/glugano/Desktop/research/BT/problog_test/01_test/BT_project/problems/problem3S/obstacles_generated.pl (regenerated from /home/glugano/Desktop/research/BT/problog_test/01_test/BT_project/problems/problem3S/map.yaml, inflated by 0.820m robot clearance)
  Config      : /home/glugano/Desktop/research/BT/problog_test/01_test/BT_project/problems/problem3S/config_generated.pl (regenerated from /home/glugano/Desktop/research/BT/problog_test/01_test/BT_project/problems/problem3S/config.yaml)
  Plan (BT)   : /home/glugano/Desktop/research/BT/problog_test/01_test/BT_project/problems/problem3S/plan_generated.pl (translated + validated from /home/glugano/Desktop/research/BT/problog_test/01_test/BT_project/problems/problem3S/behavior_tree.xml)
  Goal formula: /home/glugano/Desktop/research/BT/problog_test/01_test/BT_project/problems/problem3S/goal_formula.pl (validated against /home/glugano/Desktop/research/BT/problog_test/01_test/BT_project/module/contracts/vocabulary.yaml)
  Queries     : /home/glugano/Desktop/research/BT/problog_test/01_test/BT_project/problems/problem3S/queries_generated.pl (auto-generated from this tree's own per-action Reason universe)
  Bootstrap   : /home/glugano/Desktop/research/BT/problog_test/01_test/BT_project/module/theory/problem_data.pl (points basic_action_theory.pl at /home/glugano/Desktop/research/BT/problog_test/01_test/BT_project/problems/problem3S)

  Started : 16:33:53  (phase timeout: 300s per stage)
  [STAGE] Parse (plan.pl formed) ...
  [STAGE] Parse (plan.pl formed): done in 0.000s
  [STAGE] Ground (plan unrolled, regressed to s0) ...
  [STAGE] Ground (plan unrolled, regressed to s0): done in 24.471s
    -> 16407 ground node(s)
  [STAGE] Compile (knowledge compilation, backend=sdd) ...
  [STAGE] Compile (knowledge compilation, backend=sdd): TIMED OUT after 431.6s (phase timeout = 300s)

  [ERROR] Aborting this combination -- a pipeline stage exceeded its own timeout (300s per stage; see [STAGE] line above for which).
