====================================================================
  ProbLog Continuous-Space Safety Verification - 2026-09-28 16:52:51
====================================================================
  Log file    : /home/glugano/Desktop/research/BT/problog_test/01_test/BT_project/output/problem1L/problem1L_20260928_161339_fsdd_0.log
  Backend     : fsdd  (propagate_weights=False)
====================================================================
  ProbLog Continuous-Space Safety Verification (ablation sweep) - 2026-09-28 16:13:39
====================================================================
  Problem     : problem1L (/home/glugano/Desktop/research/BT/problog_test/01_test/BT_project/problems/problem1L)
  Theory file : /home/glugano/Desktop/research/BT/problog_test/01_test/BT_project/module/theory/basic_action_theory.pl
  Obstacles   : /home/glugano/Desktop/research/BT/problog_test/01_test/BT_project/problems/problem1L/obstacles_generated.pl (regenerated from /home/glugano/Desktop/research/BT/problog_test/01_test/BT_project/problems/problem1L/map.yaml, inflated by 0.820m robot clearance)
  Config      : /home/glugano/Desktop/research/BT/problog_test/01_test/BT_project/problems/problem1L/config_generated.pl (regenerated from /home/glugano/Desktop/research/BT/problog_test/01_test/BT_project/problems/problem1L/config.yaml)
  Plan (BT)   : /home/glugano/Desktop/research/BT/problog_test/01_test/BT_project/problems/problem1L/plan_generated.pl (translated + validated from /home/glugano/Desktop/research/BT/problog_test/01_test/BT_project/problems/problem1L/behavior_tree.xml)
  Goal formula: /home/glugano/Desktop/research/BT/problog_test/01_test/BT_project/problems/problem1L/goal_formula.pl (validated against /home/glugano/Desktop/research/BT/problog_test/01_test/BT_project/module/contracts/vocabulary.yaml)
  Queries     : /home/glugano/Desktop/research/BT/problog_test/01_test/BT_project/problems/problem1L/queries_generated.pl (auto-generated from this tree's own per-action Reason universe)
  Bootstrap   : /home/glugano/Desktop/research/BT/problog_test/01_test/BT_project/module/theory/problem_data.pl (points basic_action_theory.pl at /home/glugano/Desktop/research/BT/problog_test/01_test/BT_project/problems/problem1L)

  Started : 16:52:51  (phase timeout: 300s per stage)
  [STAGE] Parse (plan.pl formed) ...
  [STAGE] Parse (plan.pl formed): done in 0.000s
  [STAGE] Ground (plan unrolled, regressed to s0) ...
  [STAGE] Ground (plan unrolled, regressed to s0): done in 44.921s
    -> 16999 ground node(s)
  [STAGE] Compile (knowledge compilation, backend=fsdd) ...
  [STAGE] Compile (knowledge compilation, backend=fsdd): done in 0.299s
    -> 16999 compiled node(s)
  [STAGE] Evaluate (weighted model count against the initial database) ...
  [STAGE] Evaluate (weighted model count against the initial database): done in 67.920s
  Finished: 16:54:45  (113.140s)

--------------------------------------------------------------------
  Goal formula
--------------------------------------------------------------------
  /home/glugano/Desktop/research/BT/problog_test/01_test/BT_project/problems/problem1L/goal_formula.pl
    goal_formula(S) :-
        halted_with(sample_success(_,_,_,sample_tree_11,_), S),
        halted_with(sample_success(_,_,_,sample_tree_53,_), S).

--------------------------------------------------------------------
  Action codes
--------------------------------------------------------------------
  a1   PlanWithWaypoints(straight, waypoints=[(22.0,-15.0),(22.0,-3.3),(32.0,-3.3),(32.0,18.0)]) [MainTree]
  a2   MoveTo(CP1) [MainTree]
  a3   TakeSample(sample_tree_11) [MainTree]
  a4   PlanWithWaypoints(straight, waypoints=[(45.5,18.0),(23.0,18.0),(0.5,18.0),(0.5,27.0),(23.0,27.0),(45.5,27.0)]) [MainTree]
  a5   MoveTo(CP2) [MainTree]
  a6   TakeSample(sample_tree_53) [MainTree]

--------------------------------------------------------------------
  Condition codes
--------------------------------------------------------------------
  c1   DistanceBelow(goal=32.0;18.0,threshold=1.0) [MainTree]
  c2   DistanceBelow(goal=32.0;18.0,threshold=1.0) [MainTree]
  c3   DistanceBelow(goal=45.5;27.0,threshold=1.0) [MainTree]
  c4   DistanceBelow(goal=45.5;27.0,threshold=1.0) [MainTree]

--------------------------------------------------------------------
  Query results
--------------------------------------------------------------------
  Query                            Probability
  ------------------------------   -----------
  verify_goal_formula                0.00%
  plan_outcome(true)                 0.00%
  plan_outcome(false)              100.00%
  plan_outcome(world_too_large)      0.00%
  plan_outcome(reactive_escaped)     0.00%

--------------------------------------------------------------------
  Safety query breakdown (per action)
--------------------------------------------------------------------
  battery_depleted                          31.11%
    a2                                       0.00%
    a5                                      31.11%
  completed                                100.00%
    a2                                     100.00%
    a5                                       0.00%
  completed(straight,[point(22.0,-15.0), point(22.0,-3.3), point(32.0,-3.3), point(32.0,18.0)]) 100.00%
    a1                                     100.00%
  completed(straight,[point(45.5,18.0), point(23.0,18.0), point(0.5,18.0), point(0.5,27.0), point(23.0,27.0), point(45.5,27.0)])  31.11%
    a4                                      31.11%
  crashed                                    0.00%
    a2                                       0.00%
    a5                                       0.00%
  no_path(straight,[point(22.0,-15.0), point(22.0,-3.3), point(32.0,-3.3), point(32.0,18.0)])   0.00%
    a1                                       0.00%
  no_path(straight,[point(45.5,18.0), point(23.0,18.0), point(0.5,18.0), point(0.5,27.0), point(23.0,27.0), point(45.5,27.0)])   0.00%
    a4                                       0.00%
  sample_failure(*,*,sample_tree_11)        13.33%
    a3                                      13.33%
      sample_failure(32.0,18.0,sample_tree_11)  13.33%
  sample_failure(*,*,sample_tree_53)         0.00%
    a6                                       0.00%
  sample_success(*,*,*,sample_tree_11)      31.11%
    a3                                      31.11%
      sample_success(32.0,18.0,2,sample_tree_11)  15.56%
      sample_success(32.0,18.0,8,sample_tree_11)  15.56%
  sample_success(*,*,*,sample_tree_53)       0.00%
    a6                                       0.00%

--------------------------------------------------------------------
  Condition check breakdown
--------------------------------------------------------------------
  c1  DistanceBelow(goal=32.0;18.0,threshold=1.0) [MainTree]
    true                                       0.00%
    false                                    100.00%
  c2  DistanceBelow(goal=32.0;18.0,threshold=1.0) [MainTree]
    true                                      44.44%
    false                                     55.56%
  c3  DistanceBelow(goal=45.5;27.0,threshold=1.0) [MainTree]
    true                                       0.00%
    false                                     31.11%
    (never reached)                           68.89%
  c4  DistanceBelow(goal=45.5;27.0,threshold=1.0) [MainTree]
    true                                       0.00%
    false                                      0.00%
    (never reached)                          100.00%

--------------------------------------------------------------------
  Full outcome enumeration (every Reason/Condition combination)
--------------------------------------------------------------------
   55.56%
    c2: false
    a2: completed
    a1: completed(straight,[point(22.0,-15.0), point(22.0,-3.3), point(32.0,-3.3), point(32.0,18.0)])
    c1: false
   15.56%
    a5: battery_depleted
    a4: completed(straight,[point(45.5,18.0), point(23.0,18.0), point(0.5,18.0), point(0.5,27.0), point(23.0,27.0), point(45.5,27.0)])
    c3: false
    a3: sample_success(32.0,18.0,2,sample_tree_11)
    c2: true
    a2: completed
    a1: completed(straight,[point(22.0,-15.0), point(22.0,-3.3), point(32.0,-3.3), point(32.0,18.0)])
    c1: false
   15.56%
    a5: battery_depleted
    a4: completed(straight,[point(45.5,18.0), point(23.0,18.0), point(0.5,18.0), point(0.5,27.0), point(23.0,27.0), point(45.5,27.0)])
    c3: false
    a3: sample_success(32.0,18.0,8,sample_tree_11)
    c2: true
    a2: completed
    a1: completed(straight,[point(22.0,-15.0), point(22.0,-3.3), point(32.0,-3.3), point(32.0,18.0)])
    c1: false
   13.33%
    a3: sample_failure(32.0,18.0,sample_tree_11)
    c2: true
    a2: completed
    a1: completed(straight,[point(22.0,-15.0), point(22.0,-3.3), point(32.0,-3.3), point(32.0,18.0)])
    c1: false
    0.00%
    a5: battery_depleted
    a4: completed(straight,[point(45.5,18.0), point(23.0,18.0), point(0.5,18.0), point(0.5,27.0), point(23.0,27.0), point(45.5,27.0)])
    c3: false
    a3: sample_success(33.89891555569491,16.101084444305087,2,sample_tree_11)
    c2: true
    a2: completed
    a1: completed(straight,[point(22.0,-15.0), point(22.0,-3.3), point(32.0,-3.3), point(32.0,18.0)])
    c1: false
    0.00%
    a5: battery_depleted
    a4: completed(straight,[point(45.5,18.0), point(23.0,18.0), point(0.5,18.0), point(0.5,27.0), point(23.0,27.0), point(45.5,27.0)])
    c3: false
    a3: sample_success(33.89891555569491,16.101084444305087,8,sample_tree_11)
    c2: true
    a2: completed
    a1: completed(straight,[point(22.0,-15.0), point(22.0,-3.3), point(32.0,-3.3), point(32.0,18.0)])
    c1: false
    0.00%
    a5: battery_depleted
    a4: completed(straight,[point(45.5,18.0), point(23.0,18.0), point(0.5,18.0), point(0.5,27.0), point(23.0,27.0), point(45.5,27.0)])
    c3: false
    a3: sample_success(33.89891555569491,18.0,2,sample_tree_11)
    c2: true
    a2: completed
    a1: completed(straight,[point(22.0,-15.0), point(22.0,-3.3), point(32.0,-3.3), point(32.0,18.0)])
    c1: false
    0.00%
    a5: battery_depleted
    a4: completed(straight,[point(45.5,18.0), point(23.0,18.0), point(0.5,18.0), point(0.5,27.0), point(23.0,27.0), point(45.5,27.0)])
    c3: false
    a3: sample_success(33.89891555569491,18.0,8,sample_tree_11)
    c2: true
    a2: completed
    a1: completed(straight,[point(22.0,-15.0), point(22.0,-3.3), point(32.0,-3.3), point(32.0,18.0)])
    c1: false
    0.00%
    a5: battery_depleted
    a4: completed(straight,[point(45.5,18.0), point(23.0,18.0), point(0.5,18.0), point(0.5,27.0), point(23.0,27.0), point(45.5,27.0)])
    c3: false
    a3: sample_success(33.89891555569491,19.898915555694913,2,sample_tree_11)
    c2: true
    a2: completed
    a1: completed(straight,[point(22.0,-15.0), point(22.0,-3.3), point(32.0,-3.3), point(32.0,18.0)])
    c1: false
    0.00%
    a5: battery_depleted
    a4: completed(straight,[point(45.5,18.0), point(23.0,18.0), point(0.5,18.0), point(0.5,27.0), point(23.0,27.0), point(45.5,27.0)])
    c3: false
    a3: sample_success(33.89891555569491,19.898915555694913,8,sample_tree_11)
    c2: true
    a2: completed
    a1: completed(straight,[point(22.0,-15.0), point(22.0,-3.3), point(32.0,-3.3), point(32.0,18.0)])
    c1: false
    0.00%
    a5: battery_depleted
    a4: completed(straight,[point(45.5,18.0), point(23.0,18.0), point(0.5,18.0), point(0.5,27.0), point(23.0,27.0), point(45.5,27.0)])
    c3: false
    a3: sample_success(32.0,16.101084444305087,2,sample_tree_11)
    c2: true
    a2: completed
    a1: completed(straight,[point(22.0,-15.0), point(22.0,-3.3), point(32.0,-3.3), point(32.0,18.0)])
    c1: false
    0.00%
    a5: battery_depleted
    a4: completed(straight,[point(45.5,18.0), point(23.0,18.0), point(0.5,18.0), point(0.5,27.0), point(23.0,27.0), point(45.5,27.0)])
    c3: false
    a3: sample_success(32.0,16.101084444305087,8,sample_tree_11)
    c2: true
    a2: completed
    a1: completed(straight,[point(22.0,-15.0), point(22.0,-3.3), point(32.0,-3.3), point(32.0,18.0)])
    c1: false
    0.00%
    a5: battery_depleted
    a4: completed(straight,[point(45.5,18.0), point(23.0,18.0), point(0.5,18.0), point(0.5,27.0), point(23.0,27.0), point(45.5,27.0)])
    c3: false
    a3: sample_success(32.0,19.898915555694913,2,sample_tree_11)
    c2: true
    a2: completed
    a1: completed(straight,[point(22.0,-15.0), point(22.0,-3.3), point(32.0,-3.3), point(32.0,18.0)])
    c1: false
    0.00%
    a5: battery_depleted
    a4: completed(straight,[point(45.5,18.0), point(23.0,18.0), point(0.5,18.0), point(0.5,27.0), point(23.0,27.0), point(45.5,27.0)])
    c3: false
    a3: sample_success(32.0,19.898915555694913,8,sample_tree_11)
    c2: true
    a2: completed
    a1: completed(straight,[point(22.0,-15.0), point(22.0,-3.3), point(32.0,-3.3), point(32.0,18.0)])
    c1: false
    0.00%
    a5: battery_depleted
    a4: completed(straight,[point(45.5,18.0), point(23.0,18.0), point(0.5,18.0), point(0.5,27.0), point(23.0,27.0), point(45.5,27.0)])
    c3: false
    a3: sample_success(30.101084444305087,16.101084444305087,2,sample_tree_11)
    c2: true
    a2: completed
    a1: completed(straight,[point(22.0,-15.0), point(22.0,-3.3), point(32.0,-3.3), point(32.0,18.0)])
    c1: false
    0.00%
    a5: battery_depleted
    a4: completed(straight,[point(45.5,18.0), point(23.0,18.0), point(0.5,18.0), point(0.5,27.0), point(23.0,27.0), point(45.5,27.0)])
    c3: false
    a3: sample_success(30.101084444305087,16.101084444305087,8,sample_tree_11)
    c2: true
    a2: completed
    a1: completed(straight,[point(22.0,-15.0), point(22.0,-3.3), point(32.0,-3.3), point(32.0,18.0)])
    c1: false
    0.00%
    a5: battery_depleted
    a4: completed(straight,[point(45.5,18.0), point(23.0,18.0), point(0.5,18.0), point(0.5,27.0), point(23.0,27.0), point(45.5,27.0)])
    c3: false
    a3: sample_success(30.101084444305087,18.0,2,sample_tree_11)
    c2: true
    a2: completed
    a1: completed(straight,[point(22.0,-15.0), point(22.0,-3.3), point(32.0,-3.3), point(32.0,18.0)])
    c1: false
    0.00%
    a5: battery_depleted
    a4: completed(straight,[point(45.5,18.0), point(23.0,18.0), point(0.5,18.0), point(0.5,27.0), point(23.0,27.0), point(45.5,27.0)])
    c3: false
    a3: sample_success(30.101084444305087,18.0,8,sample_tree_11)
    c2: true
    a2: completed
    a1: completed(straight,[point(22.0,-15.0), point(22.0,-3.3), point(32.0,-3.3), point(32.0,18.0)])
    c1: false
    0.00%
    a5: battery_depleted
    a4: completed(straight,[point(45.5,18.0), point(23.0,18.0), point(0.5,18.0), point(0.5,27.0), point(23.0,27.0), point(45.5,27.0)])
    c3: false
    a3: sample_success(30.101084444305087,19.898915555694913,2,sample_tree_11)
    c2: true
    a2: completed
    a1: completed(straight,[point(22.0,-15.0), point(22.0,-3.3), point(32.0,-3.3), point(32.0,18.0)])
    c1: false
    0.00%
    a5: battery_depleted
    a4: completed(straight,[point(45.5,18.0), point(23.0,18.0), point(0.5,18.0), point(0.5,27.0), point(23.0,27.0), point(45.5,27.0)])
    c3: false
    a3: sample_success(30.101084444305087,19.898915555694913,8,sample_tree_11)
    c2: true
    a2: completed
    a1: completed(straight,[point(22.0,-15.0), point(22.0,-3.3), point(32.0,-3.3), point(32.0,18.0)])
    c1: false
    0.00%
    a3: sample_failure(33.89891555569491,16.101084444305087,sample_tree_11)
    c2: true
    a2: completed
    a1: completed(straight,[point(22.0,-15.0), point(22.0,-3.3), point(32.0,-3.3), point(32.0,18.0)])
    c1: false
    0.00%
    a3: sample_failure(33.89891555569491,18.0,sample_tree_11)
    c2: true
    a2: completed
    a1: completed(straight,[point(22.0,-15.0), point(22.0,-3.3), point(32.0,-3.3), point(32.0,18.0)])
    c1: false
    0.00%
    a3: sample_failure(33.89891555569491,19.898915555694913,sample_tree_11)
    c2: true
    a2: completed
    a1: completed(straight,[point(22.0,-15.0), point(22.0,-3.3), point(32.0,-3.3), point(32.0,18.0)])
    c1: false
    0.00%
    a3: sample_failure(32.0,16.101084444305087,sample_tree_11)
    c2: true
    a2: completed
    a1: completed(straight,[point(22.0,-15.0), point(22.0,-3.3), point(32.0,-3.3), point(32.0,18.0)])
    c1: false
    0.00%
    a3: sample_failure(32.0,19.898915555694913,sample_tree_11)
    c2: true
    a2: completed
    a1: completed(straight,[point(22.0,-15.0), point(22.0,-3.3), point(32.0,-3.3), point(32.0,18.0)])
    c1: false
    0.00%
    a3: sample_failure(30.101084444305087,16.101084444305087,sample_tree_11)
    c2: true
    a2: completed
    a1: completed(straight,[point(22.0,-15.0), point(22.0,-3.3), point(32.0,-3.3), point(32.0,18.0)])
    c1: false
    0.00%
    a3: sample_failure(30.101084444305087,18.0,sample_tree_11)
    c2: true
    a2: completed
    a1: completed(straight,[point(22.0,-15.0), point(22.0,-3.3), point(32.0,-3.3), point(32.0,18.0)])
    c1: false
    0.00%
    a3: sample_failure(30.101084444305087,19.898915555694913,sample_tree_11)
    c2: true
    a2: completed
    a1: completed(straight,[point(22.0,-15.0), point(22.0,-3.3), point(32.0,-3.3), point(32.0,18.0)])
    c1: false

====================================================================
  Log : /home/glugano/Desktop/research/BT/problog_test/01_test/BT_project/output/problem1L/problem1L_20260928_161339_fsdd_0.log
====================================================================
