====================================================================
  ProbLog Continuous-Space Safety Verification - 2026-09-28 13:31:24
====================================================================
  Log file    : /home/glugano/Desktop/research/BT/problog_test/01_test/BT_project/output/problem0L/problem0L_20260928_125418_nnf_1.log
  Backend     : nnf  (propagate_weights=True)
====================================================================
  ProbLog Continuous-Space Safety Verification (ablation sweep) - 2026-09-28 12:54:18
====================================================================
  Problem     : problem0L (/home/glugano/Desktop/research/BT/problog_test/01_test/BT_project/problems/problem0L)
  Theory file : /home/glugano/Desktop/research/BT/problog_test/01_test/BT_project/module/theory/basic_action_theory.pl
  Obstacles   : /home/glugano/Desktop/research/BT/problog_test/01_test/BT_project/problems/problem0L/obstacles_generated.pl (regenerated from /home/glugano/Desktop/research/BT/problog_test/01_test/BT_project/problems/problem0L/map.yaml, inflated by 0.820m robot clearance)
  Config      : /home/glugano/Desktop/research/BT/problog_test/01_test/BT_project/problems/problem0L/config_generated.pl (regenerated from /home/glugano/Desktop/research/BT/problog_test/01_test/BT_project/problems/problem0L/config.yaml)
  Plan (BT)   : /home/glugano/Desktop/research/BT/problog_test/01_test/BT_project/problems/problem0L/plan_generated.pl (translated + validated from /home/glugano/Desktop/research/BT/problog_test/01_test/BT_project/problems/problem0L/behavior_tree.xml)
  Goal formula: /home/glugano/Desktop/research/BT/problog_test/01_test/BT_project/problems/problem0L/goal_formula.pl (validated against /home/glugano/Desktop/research/BT/problog_test/01_test/BT_project/module/contracts/vocabulary.yaml)
  Queries     : /home/glugano/Desktop/research/BT/problog_test/01_test/BT_project/problems/problem0L/queries_generated.pl (auto-generated from this tree's own per-action Reason universe)
  Bootstrap   : /home/glugano/Desktop/research/BT/problog_test/01_test/BT_project/module/theory/problem_data.pl (points basic_action_theory.pl at /home/glugano/Desktop/research/BT/problog_test/01_test/BT_project/problems/problem0L)

  Started : 13:31:24  (phase timeout: 300s per stage)
  [STAGE] Parse (plan.pl formed) ...
  [STAGE] Parse (plan.pl formed): done in 0.000s
  [STAGE] Ground (plan unrolled, regressed to s0) ...
  [STAGE] Ground (plan unrolled, regressed to s0): done in 43.723s
    -> 16998 ground node(s)
  [STAGE] Compile (knowledge compilation, backend=nnf) ...
  [STAGE] Compile (knowledge compilation, backend=nnf): done in 1.926s
    -> 58981 compiled node(s)
  [STAGE] Evaluate (weighted model count against the initial database) ...
  [STAGE] Evaluate (weighted model count against the initial database): done in 1.635s
  Finished: 13:32:11  (47.284s)

--------------------------------------------------------------------
  Goal formula
--------------------------------------------------------------------
  /home/glugano/Desktop/research/BT/problog_test/01_test/BT_project/problems/problem0L/goal_formula.pl
    goal_formula(S) :-
        halted_with(sample_success(_,_,_,sample_tree_11,_), S),
        halted_with(sample_success(_,_,_,sample_tree_53,_), S).

--------------------------------------------------------------------
  Action codes
--------------------------------------------------------------------
  a1   PlanWithWaypoints(straight, waypoints=[(22.0,-15.0),(22.0,-3.3),(32.0,-3.3)]) [MainTree]
  a2   MoveTo(CP1) [MainTree]
  a3   TakeSample(sample_tree_11) [MainTree]
  a4   PlanWithWaypoints(straight, waypoints=[(32.0,-27.0),(45.5,-27.0),(45.5,-36.0),(23.0,-36.0),(0.5,-36.0)]) [MainTree]
  a5   MoveTo(CP2) [MainTree]
  a6   TakeSample(sample_tree_53) [MainTree]

--------------------------------------------------------------------
  Condition codes
--------------------------------------------------------------------
  c1   DistanceBelow(goal=32.0;-3.3,threshold=1.0) [MainTree]
  c2   DistanceBelow(goal=32.0;-3.3,threshold=1.0) [MainTree]
  c3   DistanceBelow(goal=0.5;-36.0,threshold=1.0) [MainTree]
  c4   DistanceBelow(goal=0.5;-36.0,threshold=1.0) [MainTree]

--------------------------------------------------------------------
  Query results
--------------------------------------------------------------------
  Query                            Probability
  ------------------------------   -----------
  verify_goal_formula                0.00%
  plan_outcome(true)                 0.00%
  plan_outcome(false)              100.00%
  plan_outcome(world_too_large)      0.00%
  plan_outcome(reactive_escaped)     0.00%

--------------------------------------------------------------------
  Safety query breakdown (per action)
--------------------------------------------------------------------
  battery_depleted                          31.11%
    a2                                       0.00%
    a5                                      31.11%
  completed                                100.00%
    a2                                     100.00%
    a5                                       0.00%
  completed(straight,[point(22.0,-15.0), point(22.0,-3.3), point(32.0,-3.3)]) 100.00%
    a1                                     100.00%
  completed(straight,[point(32.0,-27.0), point(45.5,-27.0), point(45.5,-36.0), point(23.0,-36.0), point(0.5,-36.0)])  31.11%
    a4                                      31.11%
  crashed                                    0.00%
    a2                                       0.00%
    a5                                       0.00%
  no_path(straight,[point(22.0,-15.0), point(22.0,-3.3), point(32.0,-3.3)])   0.00%
    a1                                       0.00%
  no_path(straight,[point(32.0,-27.0), point(45.5,-27.0), point(45.5,-36.0), point(23.0,-36.0), point(0.5,-36.0)])   0.00%
    a4                                       0.00%
  sample_failure(*,*,sample_tree_11)        13.33%
    a3                                      13.33%
      sample_failure(32.0,-3.3,sample_tree_11)  13.33%
  sample_failure(*,*,sample_tree_53)         0.00%
    a6                                       0.00%
  sample_success(*,*,*,sample_tree_11)      31.11%
    a3                                      31.11%
      sample_success(32.0,-3.3,2,sample_tree_11)  15.56%
      sample_success(32.0,-3.3,8,sample_tree_11)  15.56%
  sample_success(*,*,*,sample_tree_53)       0.00%
    a6                                       0.00%

--------------------------------------------------------------------
  Condition check breakdown
--------------------------------------------------------------------
  c1  DistanceBelow(goal=32.0;-3.3,threshold=1.0) [MainTree]
    true                                       0.00%
    false                                    100.00%
  c2  DistanceBelow(goal=32.0;-3.3,threshold=1.0) [MainTree]
    true                                      44.44%
    false                                     55.56%
  c3  DistanceBelow(goal=0.5;-36.0,threshold=1.0) [MainTree]
    true                                       0.00%
    false                                     31.11%
    (never reached)                           68.89%
  c4  DistanceBelow(goal=0.5;-36.0,threshold=1.0) [MainTree]
    true                                       0.00%
    false                                      0.00%
    (never reached)                          100.00%

--------------------------------------------------------------------
  Full outcome enumeration (every Reason/Condition combination)
--------------------------------------------------------------------
   55.56%
    c2: false
    a2: completed
    a1: completed(straight,[point(22.0,-15.0), point(22.0,-3.3), point(32.0,-3.3)])
    c1: false
   15.56%
    a5: battery_depleted
    a4: completed(straight,[point(32.0,-27.0), point(45.5,-27.0), point(45.5,-36.0), point(23.0,-36.0), point(0.5,-36.0)])
    c3: false
    a3: sample_success(32.0,-3.3,8,sample_tree_11)
    c2: true
    a2: completed
    a1: completed(straight,[point(22.0,-15.0), point(22.0,-3.3), point(32.0,-3.3)])
    c1: false
   15.56%
    a5: battery_depleted
    a4: completed(straight,[point(32.0,-27.0), point(45.5,-27.0), point(45.5,-36.0), point(23.0,-36.0), point(0.5,-36.0)])
    c3: false
    a3: sample_success(32.0,-3.3,2,sample_tree_11)
    c2: true
    a2: completed
    a1: completed(straight,[point(22.0,-15.0), point(22.0,-3.3), point(32.0,-3.3)])
    c1: false
   13.33%
    a3: sample_failure(32.0,-3.3,sample_tree_11)
    c2: true
    a2: completed
    a1: completed(straight,[point(22.0,-15.0), point(22.0,-3.3), point(32.0,-3.3)])
    c1: false
    0.00%
    a5: battery_depleted
    a4: completed(straight,[point(32.0,-27.0), point(45.5,-27.0), point(45.5,-36.0), point(23.0,-36.0), point(0.5,-36.0)])
    c3: false
    a3: sample_success(30.522247847792965,-4.777752152207034,2,sample_tree_11)
    c2: true
    a2: completed
    a1: completed(straight,[point(22.0,-15.0), point(22.0,-3.3), point(32.0,-3.3)])
    c1: false
    0.00%
    a5: battery_depleted
    a4: completed(straight,[point(32.0,-27.0), point(45.5,-27.0), point(45.5,-36.0), point(23.0,-36.0), point(0.5,-36.0)])
    c3: false
    a3: sample_success(30.522247847792965,-4.777752152207034,8,sample_tree_11)
    c2: true
    a2: completed
    a1: completed(straight,[point(22.0,-15.0), point(22.0,-3.3), point(32.0,-3.3)])
    c1: false
    0.00%
    a5: battery_depleted
    a4: completed(straight,[point(32.0,-27.0), point(45.5,-27.0), point(45.5,-36.0), point(23.0,-36.0), point(0.5,-36.0)])
    c3: false
    a3: sample_success(32.0,-4.777752152207034,2,sample_tree_11)
    c2: true
    a2: completed
    a1: completed(straight,[point(22.0,-15.0), point(22.0,-3.3), point(32.0,-3.3)])
    c1: false
    0.00%
    a5: battery_depleted
    a4: completed(straight,[point(32.0,-27.0), point(45.5,-27.0), point(45.5,-36.0), point(23.0,-36.0), point(0.5,-36.0)])
    c3: false
    a3: sample_success(32.0,-4.777752152207034,8,sample_tree_11)
    c2: true
    a2: completed
    a1: completed(straight,[point(22.0,-15.0), point(22.0,-3.3), point(32.0,-3.3)])
    c1: false
    0.00%
    a5: battery_depleted
    a4: completed(straight,[point(32.0,-27.0), point(45.5,-27.0), point(45.5,-36.0), point(23.0,-36.0), point(0.5,-36.0)])
    c3: false
    a3: sample_success(33.47775215220703,-4.777752152207034,2,sample_tree_11)
    c2: true
    a2: completed
    a1: completed(straight,[point(22.0,-15.0), point(22.0,-3.3), point(32.0,-3.3)])
    c1: false
    0.00%
    a5: battery_depleted
    a4: completed(straight,[point(32.0,-27.0), point(45.5,-27.0), point(45.5,-36.0), point(23.0,-36.0), point(0.5,-36.0)])
    c3: false
    a3: sample_success(33.47775215220703,-4.777752152207034,8,sample_tree_11)
    c2: true
    a2: completed
    a1: completed(straight,[point(22.0,-15.0), point(22.0,-3.3), point(32.0,-3.3)])
    c1: false
    0.00%
    a5: battery_depleted
    a4: completed(straight,[point(32.0,-27.0), point(45.5,-27.0), point(45.5,-36.0), point(23.0,-36.0), point(0.5,-36.0)])
    c3: false
    a3: sample_success(30.522247847792965,-3.3,2,sample_tree_11)
    c2: true
    a2: completed
    a1: completed(straight,[point(22.0,-15.0), point(22.0,-3.3), point(32.0,-3.3)])
    c1: false
    0.00%
    a5: battery_depleted
    a4: completed(straight,[point(32.0,-27.0), point(45.5,-27.0), point(45.5,-36.0), point(23.0,-36.0), point(0.5,-36.0)])
    c3: false
    a3: sample_success(30.522247847792965,-3.3,8,sample_tree_11)
    c2: true
    a2: completed
    a1: completed(straight,[point(22.0,-15.0), point(22.0,-3.3), point(32.0,-3.3)])
    c1: false
    0.00%
    a5: battery_depleted
    a4: completed(straight,[point(32.0,-27.0), point(45.5,-27.0), point(45.5,-36.0), point(23.0,-36.0), point(0.5,-36.0)])
    c3: false
    a3: sample_success(33.47775215220703,-3.3,2,sample_tree_11)
    c2: true
    a2: completed
    a1: completed(straight,[point(22.0,-15.0), point(22.0,-3.3), point(32.0,-3.3)])
    c1: false
    0.00%
    a5: battery_depleted
    a4: completed(straight,[point(32.0,-27.0), point(45.5,-27.0), point(45.5,-36.0), point(23.0,-36.0), point(0.5,-36.0)])
    c3: false
    a3: sample_success(33.47775215220703,-3.3,8,sample_tree_11)
    c2: true
    a2: completed
    a1: completed(straight,[point(22.0,-15.0), point(22.0,-3.3), point(32.0,-3.3)])
    c1: false
    0.00%
    a5: battery_depleted
    a4: completed(straight,[point(32.0,-27.0), point(45.5,-27.0), point(45.5,-36.0), point(23.0,-36.0), point(0.5,-36.0)])
    c3: false
    a3: sample_success(30.522247847792965,-1.822247847792965,2,sample_tree_11)
    c2: true
    a2: completed
    a1: completed(straight,[point(22.0,-15.0), point(22.0,-3.3), point(32.0,-3.3)])
    c1: false
    0.00%
    a5: battery_depleted
    a4: completed(straight,[point(32.0,-27.0), point(45.5,-27.0), point(45.5,-36.0), point(23.0,-36.0), point(0.5,-36.0)])
    c3: false
    a3: sample_success(30.522247847792965,-1.822247847792965,8,sample_tree_11)
    c2: true
    a2: completed
    a1: completed(straight,[point(22.0,-15.0), point(22.0,-3.3), point(32.0,-3.3)])
    c1: false
    0.00%
    a5: battery_depleted
    a4: completed(straight,[point(32.0,-27.0), point(45.5,-27.0), point(45.5,-36.0), point(23.0,-36.0), point(0.5,-36.0)])
    c3: false
    a3: sample_success(32.0,-1.822247847792965,2,sample_tree_11)
    c2: true
    a2: completed
    a1: completed(straight,[point(22.0,-15.0), point(22.0,-3.3), point(32.0,-3.3)])
    c1: false
    0.00%
    a5: battery_depleted
    a4: completed(straight,[point(32.0,-27.0), point(45.5,-27.0), point(45.5,-36.0), point(23.0,-36.0), point(0.5,-36.0)])
    c3: false
    a3: sample_success(32.0,-1.822247847792965,8,sample_tree_11)
    c2: true
    a2: completed
    a1: completed(straight,[point(22.0,-15.0), point(22.0,-3.3), point(32.0,-3.3)])
    c1: false
    0.00%
    a5: battery_depleted
    a4: completed(straight,[point(32.0,-27.0), point(45.5,-27.0), point(45.5,-36.0), point(23.0,-36.0), point(0.5,-36.0)])
    c3: false
    a3: sample_success(33.47775215220703,-1.822247847792965,2,sample_tree_11)
    c2: true
    a2: completed
    a1: completed(straight,[point(22.0,-15.0), point(22.0,-3.3), point(32.0,-3.3)])
    c1: false
    0.00%
    a5: battery_depleted
    a4: completed(straight,[point(32.0,-27.0), point(45.5,-27.0), point(45.5,-36.0), point(23.0,-36.0), point(0.5,-36.0)])
    c3: false
    a3: sample_success(33.47775215220703,-1.822247847792965,8,sample_tree_11)
    c2: true
    a2: completed
    a1: completed(straight,[point(22.0,-15.0), point(22.0,-3.3), point(32.0,-3.3)])
    c1: false
    0.00%
    a3: sample_failure(30.522247847792965,-4.777752152207034,sample_tree_11)
    c2: true
    a2: completed
    a1: completed(straight,[point(22.0,-15.0), point(22.0,-3.3), point(32.0,-3.3)])
    c1: false
    0.00%
    a3: sample_failure(32.0,-4.777752152207034,sample_tree_11)
    c2: true
    a2: completed
    a1: completed(straight,[point(22.0,-15.0), point(22.0,-3.3), point(32.0,-3.3)])
    c1: false
    0.00%
    a3: sample_failure(33.47775215220703,-4.777752152207034,sample_tree_11)
    c2: true
    a2: completed
    a1: completed(straight,[point(22.0,-15.0), point(22.0,-3.3), point(32.0,-3.3)])
    c1: false
    0.00%
    a3: sample_failure(30.522247847792965,-3.3,sample_tree_11)
    c2: true
    a2: completed
    a1: completed(straight,[point(22.0,-15.0), point(22.0,-3.3), point(32.0,-3.3)])
    c1: false
    0.00%
    a3: sample_failure(33.47775215220703,-3.3,sample_tree_11)
    c2: true
    a2: completed
    a1: completed(straight,[point(22.0,-15.0), point(22.0,-3.3), point(32.0,-3.3)])
    c1: false
    0.00%
    a3: sample_failure(30.522247847792965,-1.822247847792965,sample_tree_11)
    c2: true
    a2: completed
    a1: completed(straight,[point(22.0,-15.0), point(22.0,-3.3), point(32.0,-3.3)])
    c1: false
    0.00%
    a3: sample_failure(32.0,-1.822247847792965,sample_tree_11)
    c2: true
    a2: completed
    a1: completed(straight,[point(22.0,-15.0), point(22.0,-3.3), point(32.0,-3.3)])
    c1: false
    0.00%
    a3: sample_failure(33.47775215220703,-1.822247847792965,sample_tree_11)
    c2: true
    a2: completed
    a1: completed(straight,[point(22.0,-15.0), point(22.0,-3.3), point(32.0,-3.3)])
    c1: false

====================================================================
  Log : /home/glugano/Desktop/research/BT/problog_test/01_test/BT_project/output/problem0L/problem0L_20260928_125418_nnf_1.log
====================================================================
